---
editLink: false
---

# 文件系统

## 文件系统特性
微软操作系统的主要文件系统是FAT（FAT16）、NTFS这些文件格式
Linux正统文件系统为Ext2。默认情况下，windows操作系统识别不了Linux的Ext2
在传统的磁盘与文件系统的应用中，一个分区槽就是只能被格式化成为一个系统文件。一个filesystem就是一个partition。
新技术中，LVM与软件磁盘阵列，可以将一个分区槽格式化为多个系统文件。也能够将多个分区槽合成一个文件系统（LVM、RAID）。
所有，通常一个被挂载的数据为一个文件系统而不是一个分区槽。

文件系统通常会将这两部分的数据分别存放在不同区块，权限与属性放置到`inode`中，实际数据则放置到`data block`区块中。还有一个超级区块（superblock）会记录整个文件系统的整体信息，包括`inode`与`block`的总量、使用量、剩余量。
- superblock: 记录此filesystem的整体信息，包括inode/block的总量、使用量、剩余量，以及文件系统的格式与相关信息等
- inode： 记录文件属性，一个文件占用一个inode，同时记录此文件的数据所在的block号码
- block： 实际记录文件的内容，若文件太大时，会占用多个block
inode与block都有编号，每一个文件都会占用一个inode，inode内则有文件数据放置的block号码。

  inode与block也称索引式文件系统
## linux的EXT2文件系统（inode）
文件系统一开始就将inode与block规划好了，除非重新格式化（或者利用resize2fs等指令变更文件系统大小），否则inode与block固定后就不再变动。
Ext2文件系统在格式化的时候基本上是区分为多个区块群组（block group）的，每个区块群组都有独立的inode/block/superblock系统。
文件系统最前面有一个启动扇区（boot sector），这个启动扇区可以安装开机管理程序。

每一个block group有一下内容

superblock、档案系统描述、区块对照表、Inode对照表、Inode Table、 Data Block

### data block（资料区块）

data block 是用来放置文件内容数据地方，在Ext2文件系统中所支持的block大小有1K、2K及4K三种。在格式化时block的大小就固定了，且每个block都有编号，方便inode的记录。
|Block大小|1KB|2KB|4KB|
|---|---|---|---|
|最大单一文件限制|16GB|256GB|2TB|
|最大文件系统总容量|2TB|8TB|16TB|

基本限制：
- 原则上，block的大小与数量在格式化完就不能够再改变了
- 每个block内最多只能放置一个文件的数据
- 如果文件大于block的大小，则一个文件会占用多个block数量
- 若文件小于block，则该block的剩余容量就不能够再被使用了

### inode table（inode 表）
- 文件的存取模式（read/write/excute）
- 文件的拥有者与群组（owner/group）
- 文件的容量
- 文件建立或状态改变的时间（ctime）
- 最近一次的读取时间（atime）
- 最近修改的时间（mtime）
- 定义文件特性的flag。（SetUID）
- 该文件真正内容的指向（pointer）
inode的数量与大小也是格式化时就已经固定了
- 每一个inode大小均固定为128bytes（新的ext4与xfs可设定到256bytes）
- 每个文件都仅会占用一个inode
- 文件系统能够建立的文件数量与inode的数量有关
- 系统读取文件时需要先找到inode，并分析inode所记录的权限与用户是否符合，若符合才能够开始实际读取block的内容

inode仅有128bytes，而inode记录一个block号码要使用4byte。若一个文件为400MB且每个block为4K，那么至少也需要许多block号码的记录。inode没法记录这么多的信息。因此，inode记录block号码的区域定义为12个直接、一个间接，一个双间接与一个三间接记录区。
间接就是一个block来当作记录block号码的记录取，如果文件太大时，就会使用间接的block来记录编号。

  inode能够指定多少个block呢 以1K block来说
  - 12 个直接指向： 12 \* 1K = 12K
    由于是直接指向，所以总共可记录12笔记录
  - 间接： 256 \*　1K = 256K
    每笔block号码的记录会花去4bytes，因此1K的大小能够记录256笔记录
  - 双间接： 256\*256\*1K = 256^2K
    第一层block会指定256个第二层，每个第二层可以指定256个号码
  - 三间接： 256 \* 256 \* 256 \* 1K = 256^3K
    第一层block会指定256个第二层，每个第二层可以指定256个第三层，每个第三层可以指定256个号码
  - 总额: 将直接、间接、双间接、三间接加总，得到 12 + 256 + 256 \* 256 +　256\*256\*256(K) = 16GB 
  但是2K和4Kblock大小的计算中，不能使用这个方法，因为大于2K的block将会受到Ext2文件系统本身的限制、所有计算的结果会不符合。
  Ext4文件系统的inode容量已经可以扩大到256bytes。
### Superblock（超级区块）
  Superblock是记录整个filesystem相关信息的地方，没有Superblock，就没有filesystem，这个文件系统的基本信息都在这呢。
  记录的主要信息有：
  - block与inode的总量
  - 未使用与已使用的inode/block数量
  - block与inode的大小（block为1、2、4K，inode为128bytes或256bytes）
  - filesystem的挂载时间、最近一次写入数据的时间、最近一次检验磁盘（fsck）的时间等文件系统的相关信息
  - 一个valid bit 数值，若此文件系统已被挂载，则valid bit为0， 若未被挂载，则valid bit 为1

  superblock的大小为1024bytes，相关的superblock信息都会以`dumpe2fs`指令来观察

### Filesystem Description（文件系统描述说明）
可以描述每个block group的开始与结束的block号码，以及说明每个区段（superblock，bitmap，inodemap，data block）分别介于哪一个block号码之间。这也能够用`dumpe2fs`来观察
### block bitmap（区块对照表）
记录哪些是被占用的block，哪些是被删出的block--映射
### inode bitmap（inode 对照表）
记录使用与未使用的inode号码
### dumpe2fs： 查询Ext的superblock信息的指令
|选项|解释|
|---|---|
|-b|显示保留为坏轨的部分|
|-h|仅显示superblock的数据，不会显示其他的区段内容|

```shell
# 这个指令可以叫出目前系统有被格式化的装置
[root@iZbp13op1xah7j3j1x457dZ ~]# blkid
/dev/vda1: UUID="37721e46-45d7-43d2-9f23-5bcf4955a5f1" TYPE="ext4" 
[root@iZbp13op1xah7j3j1x457dZ ~]# dumpe2fs /dev/vda1 > dump_output.txt
```
dump_output.txt
```shell
Filesystem volume name:   <none>      # 文件系统的名称
Last mounted on:          /           # 上一次挂载的目录位置
Filesystem UUID:          37721e46-45d7-43d2-9f23-5bcf4955a5f1       #Filesystem UUID
Filesystem magic number:  0xEF53      # 每种文件系统类型都有自己独特的魔术数字。比如:
                                      # ext2/ext3/ext4 文件系统的魔术数字是 0xEF53
                                      # FAT 文件系统的魔术数字是 0x4D42
                                      #　NTFS 文件系统的魔术数字是 0x5346544E
                                      # 魔术数字用于快速识别和验证文件系统类型。当挂载文件系统或执行文件系统相关操作时,内核会检查魔术数字来确认文件系统类型。
                                      # 如果文件系统损坏,魔术数字可能会丢失或变更。这可能导致文件系统无法被正确识别和挂载。
                                      # 除了魔术数字,dumpe2fs 命令还会输出许多其他有用的文件系统信息,如块大小、inode 数量、文件系统创建时间等。这些信息有助于更好地了解和管理文件系统。
Filesystem revision #:    1 (dynamic) # 文件系统的修订版本号
                                      # 对于 ext2/ext3/ext4 文件系统来说,常见的修订版本号有:
                                      
                                      # Revision 0 (legacy) - 这是最早的 ext2 文件系统版本。
                                      # Revision 1 - 这是 ext3 和更新版本的 ext2 文件系统的标准版本。
                                      # Revision 1.0 - 这是 ext4 文件系统的初始版本。
Filesystem features:      has_journal ext_attr resize_inode dir_index filetype needs_recovery extent flex_bg sparse_super large_file huge_file uninit_bg dir_nlink extra_isize       # 对于 ext2/ext3/ext4 文件系统,常见的文件系统特性包括:

                                        # has_journal: 表示文件系统支持日志功能,可以提高数据的可靠性。
                                        # ext_attr: 支持扩展属性,可以为文件和目录添加元数据。
                                        # resize_inode: 支持在线调整文件系统大小。
                                        #　dir_index: 支持目录索引,可以提高大目录的访问性能。
                                        # sparse_super: 支持稀疏超级块,可以减少超级块占用的磁盘空间。
                                        # huge_file: 支持大文件(> 2TB)。
                                        # flex_bg: 支持灵活的块组布局,可以提高文件系统性能。
                                        # metadata_csum: 支持元数据校验和,可以提高数据完整性。
Filesystem flags:         signed_directory_hash   # 标志位反映了文件系统的状态和配置。
                                                  # 对于 ext2/ext3/ext4 文件系统,常见的文件系统标志位包括
                                                    # clean: 表示文件系统处于干净、未修改的状态。
                                                    # errors: 表示文件系统存在错误,需要检查和修复。
                                                    # has_journal: 表示文件系统开启了日志功能。
                                                    # needs_recovery: 表示文件系统需要进行恢复操作,通常在系统崩溃后出现。
                                                    # orphan_file_list: 表示存在孤立的文件,需要进行清理。
                                                    # resize_inode: 表示文件系统支持在线调整大小。
                                                    # sparse_super: 表示文件系统使用稀疏超级块。
                                                    # test_fs: 表示这是一个测试用的文件系统
Default mount options:    user_xattr acl            # 默认挂载时的参数
                                                    # user_xattr: 允许普通用户设置和修改文件的扩展属性。这个选项在需要使用扩展属性的场景下很有用,比如SELinux等。
                                                    # acl: 启用文件访问控制列表(ACL)功能。ACL可以为文件和目录设置更细粒度的权限控制,比默认的rwx权限更加灵活
Filesystem state:         clean                     # 这块文件系统的状态为何，clean 是没问题 
Errors behavior:          Continue                  # errors=Continue 是 ext4 文件系统的默认错误处理行为之一。当文件系统检测到错误时,该选项会让内核继续尝试挂载并使用文件系统,而不是立即将其 remount 为只读模式。
                                                      # 这种行为适用于以下几种情况:
                                                      # 文件系统存在轻微的错误,无法对用户造成太大影响时。内核会尝试继续使用文件系统,而不是立即中断。
                                                      # 文件系统需要进行修复,但用户希望先尝试访问数据,再决定是否需要执行修复。
                                                      #　在启动过程中,文件系统出现了一些错误,但用户希望系统能够正常启动,再手动修复。
                                                      # 需要注意的是,Continue 选项可能会导致文件系统进一步损坏,所以不建议长期使用。当出现严重错误时,最好还是使用默认的 errors=remount-ro 选项,以防止数据丢失。
                                                      
                                                      # 总之,errors=Continue 提供了一种灵活的错误处理机制,适用于一些特殊的场景。但在生产环境中,还是推荐使用更安全的 errors=remount-ro 选项
Filesystem OS type:       Linux                      # 文件系统的操作系统类型 linux
Inode count:              2621440                    # inode 的总数
Block count:              10485499                   # block 的总数
Reserved block count:     471831                     # 保留的block总数
Free blocks:              8549638                    # 空闲的block数量
Free inodes:              2442571                    # 空闲的inode数量
First block:              0                          # 超级块通常位于文件系统的第一个数据块中,即 block 0。这是为了方便文件系统快速定位和读取这些关键元数据
                                                     # 第一个数据块(first block)是指文件系统超级块(superblock)所在的块
Block size:               4096                       # 单个block的容量大小
Fragment size:            4096                       # 碎片的大小
Reserved GDT blocks:      1021                       # 有 1021 个 GDT(Group Descriptor Table) 块被保留下来,不会被用作普通的数据块。
                                                      #　具体的含义如下:
                                                      #　GDT 是用来管理文件系统中各个块组的元数据结构。每个块组都有自己的 GDT 记录。
                                                      #　为了提高文件系统的可靠性和性能,通常会保留一部分 GDT 块作为备份。
                                                      #　在 ext4 文件系统中,默认会保留 1% 的 GDT 块作为备份。
                                                      #　您提到的 1021 个保留的 GDT 块,是根据文件系统的总块数计算出来的具体数量。这个数量会根据文件系统的大小而有所不同。
Blocks per group:         32768                       # 每个块组中数据块的数量
Fragments per group:      32768                       # 每个组中碎片的数量
Inodes per group:         8192                        # 每个组中Inode的数量
Inode blocks per group:   512                         # 每个块组中用于存储 Inode 的数据块数量
Flex block group size:    16                          # 每个灵活块组(Flex Block Group)的大小
Filesystem created:       Fri Mar 22 11:16:06 2024    # Filesystem 创建时间
Last mount time:          Sat Jun 22 23:25:30 2024    # 最后一次挂载时间
Last write time:          Sat Jun 22 23:25:24 2024    # 最后一次写入时间
Mount count:              6                           # 挂载次数
Maximum mount count:      -1                          # 用来控制文件系统在多次挂载后是否需要强制检查文件系统完整性。它的具体作用如下:
                                                        # 数据完整性保护:
                                                        # 当文件系统被挂载的次数达到 "Maximum mount count" 设置的值时,文件系统会强制进行文件系统检查(fsck)。
                                                        # 这可以帮助及时发现并修复文件系统中可能存在的错误或损坏,保护数据完整性。
                                                        # 系统稳定性:
                                                        # 定期进行文件系统检查有助于发现和修复潜在的系统问题,提高系统的稳定性和可靠性。
                                                        # 灵活性:
                                                        # 将 "Maximum mount count" 设置为 -1 意味着文件系统不会强制进行定期的 fsck 检查。
                                                        # 这为用户提供了更大的灵活性,可以根据实际需求手动执行文件系统检查。
Last checked:             Fri Mar 22 11:16:06 2024      # 最后一次检测日期
Check interval:           0 (<none>)                    # 来控制文件系统检查(fsck)的频率的
Lifetime writes:          5746 MB                       # 文件系统自创建以来总共写入的数据量
Reserved blocks uid:      0 (user root)                 # Reserved blocks uid 和 gid:
                                                          # ext4 文件系统会保留一部分磁盘块(通常是 5%)作为保留块。
                                                          # 这些保留块可以被 root 用户或 root 组访问和使用。
                                                          # 这样可以确保即使文件系统满了,root 用户也能进入系统并执行关键操作
Reserved blocks gid:      0 (group root)
First inode:              11                            # Inode 是文件系统中描述文件和目录的核心数据结构。
                                                          # First inode 参数指定了文件系统中第一个可用的 inode 编号。
                                                          # 通常情况下,首个可用 inode 编号为 11,因为前 10 个编号已经被系统保留使用
Inode size:	          256                              #　Inode 的大小决定了文件系统可以存储的元数据信息的大小。
                                                        # ext4 文件系统默认的 inode 大小是 256 字节。
                                                        # 较大的 inode 大小可以存储更多的元数据,但会消耗更多的磁盘空间。
Required extra isize:     28                          # uired extra isize:
                                                        # 这个参数表示 ext4 文件系统所需的额外 inode 大小(以字节为单位)。
                                                        # 通常情况下,ext4 文件系统的默认 inode 大小为 256 字节。
                                                        # "Required extra isize" 的值 28 表示系统需要额外 28 字节的 inode 大小。
                                                        # 这样 inode 的总大小就变为 256 + 28 = 284 字节
Desired extra isize:      28                          # 这个参数表示 ext4 文件系统期望的额外 inode 大小(以字节为单位)。
                                                        # 通常情况下,"Desired extra isize" 的值与"Required extra isize"相同。
                                                        # 这表示文件系统希望使用 284 字节的 inode 大小
Journal inode:            8                           # 日志(journal)inode 的编号
First orphan inode:       655556                      # 第一个孤立 inode 的编号
                                                        # 孤立 inode:
                                                        # 孤立 inode 指的是没有任何目录项(directory entry)指向它的 inode。
                                                        # 也就是说,这些 inode 对应的文件或目录在文件系统中无法通过路径访问到。
                                                        # 第一个孤立 inode:
                                                        # ext4 文件系统会维护一个孤立 inode 列表,用于跟踪这些无法访问的 inode。
                                                        # "First orphan inode"就是这个列表中的第一个孤立 inode 的编号。
                                                        # 作用和用途:
                                                        # 孤立 inode 列表可以帮助文件系统检查和修复工具(如 fsck)识别和处理这些孤立的文件或目录。
                                                        # 这有助于在文件系统发生损坏或崩溃时,尽可能地恢复数据
Default directory hash:   half_md4                      # 文件系统使用的默认目录哈希算法
Directory Hash Seed:      bb87343e-0092-49b0-a9a5-bc8fe2f3fdce     # 控制目录哈希算法的种子值
Journal backup:           inode blocks                  # 日志(journal)备份的方式
Journal features:         journal_incompat_revoke       # 日志(journal)功能的一些特性和配置选项
                                                          # 日志的作用:
                                                          # 如前所述,ext4 文件系统使用日志机制来确保元数据操作的原子性和一致性。
                                                          # 日志记录了所有的文件系统元数据变更操作,用于系统崩溃时的快速恢复。
                                                          # 日志特性:
                                                          # ext4 文件系统支持一些日志特性,包括:
                                                          # needs_recovery: 表示在系统重启时需要日志恢复
                                                          # handle_error: 表示日志遇到错误时的处理方式
                                                          # fast_commit: 表示是否启用快速提交模式
                                                          # 日志特性的配置:
                                                          # 这些日志特性可以在文件系统创建时进行配置。
                                                          # 也可以在运行时使用 tune2fs 命令进行修改。
                                                          # 特性的作用:
                                                          # 不同的日志特性会影响日志的行为和性能特征。
                                                          # 用户可以根据实际需求选择合适的特性配置,以平衡可靠性、性能等因素
Journal size:             128M                          # 日志(journal)的大小是一个重要的配置参数,它决定了日志可以记录的最大信息量
Journal length:           32768                         # 日志(journal)的长度是另一个重要的配置参数,它决定了日志可以记录的最大信息量
Journal sequence:         0x000815d7                    # 日志(journal)的序列号是一个重要的标识符,用于记录日志的状态
Journal start:            1550                          # 日志(journal)的起始块号是一个重要的配置参数,它指定了日志在磁盘上的起始位置


Group 0: (Blocks 0-32767) [ITABLE_ZEROED]               # 第一块block group位置
  Checksum 0x544b, unused inodes 1489                   # 文件系统的校验和值,用于确保文件系统元数据的完整性；文件系统中还有 1489 个未使用的 inode 节点。Inode 节点是用于存储文件和目录元数据的数据结构
  Primary superblock at 0, Group descriptors at 1-3     # 主要superblock的所在
  Reserved GDT blocks at 4-1024
  Block bitmap at 1025 (+1025), Inode bitmap at 1041 (+1041)
  Inode table at 1057-1568 (+1057)                      # inode table 所在
  20093 free blocks, 1593 free inodes, 771 directories, 1489 unused inodes
  Free blocks: 9255-9280, 12701-32767                   
  Free inodes: 962-1012, 3802, 4100, 4108, 4111-4112, 4114-4117, 4119, 4121, 4125-4130, 4132-4135, 4137, 4140, 4143, 4145, 4147, 4150, 4153, 4156, 4158, 4160-4161, 4165, 4725, 5369, 6574-6587, 6593-6596, 6704-8192
Group 1: (Blocks 32768-65535) [INODE_UNINIT, ITABLE_ZEROED]
  Checksum 0xb880, unused inodes 8192
  Backup superblock at 32768, Group descriptors at 32769-32771
  Reserved GDT blocks at 32772-33792
  Block bitmap at 1026 (bg #0 + 1026), Inode bitmap at 1042 (bg #0 + 1042)
  Inode table at 1569-2080 (bg #0 + 1569)
  3110 free blocks, 8192 free inodes, 0 directories, 8192 unused inodes
  Free blocks: 33992-33999, 36672-36735, 36764-36770, 36800-36803, 36805, 36830-36863, 40654-40655, 40668-40669, 41038-41043, 45182-45385, 45468-45501, 45585, 57344-57363, 57372-59391, 63488-63999, 64833-65023
  Free inodes: 8193-16384
Group 2: (Blocks 65536-98303) [INODE_UNINIT, ITABLE_ZEROED]
  Checksum 0x9872, unused inodes 8192
  Block bitmap at 1027 (bg #0 + 1027), Inode bitmap at 1043 (bg #0 + 1043)
  Inode table at 2081-2592 (bg #0 + 2081)
  13463 free blocks, 8192 free inodes, 0 directories, 8192 unused inodes
  Free blocks: 65869-66047, 66359-73727, 77351-81919, 86016-87361
  Free inodes: 16385-24576
Group 3: (Blocks 98304-131071) [INODE_UNINIT, ITABLE_ZEROED]
  Checksum 0x8e70, unused inodes 8192
  Backup superblock at 98304, Group descriptors at 98305-98307
  Reserved GDT blocks at 98308-99328
  Block bitmap at 1028 (bg #0 + 1028), Inode bitmap at 1044 (bg #0 + 1044)
  Inode table at 2593-3104 (bg #0 + 2593)
  0 free blocks, 8192 free inodes, 0 directories, 8192 unused inodes
  Free blocks: 
  Free inodes: 24577-32768
Group 4: (Blocks 131072-163839) [INODE_UNINIT, ITABLE_ZEROED]
  Checksum 0x9e3a, unused inodes 8192
  Block bitmap at 1029 (bg #0 + 1029), Inode bitmap at 1045 (bg #0 + 1045)
  Inode table at 3105-3616 (bg #0 + 3105)
  9109 free blocks, 8192 free inodes, 0 directories, 8192 unused inodes
  Free blocks: 136300-139263, 149503-155647
  Free inodes: 32769-40960
Group 5: (Blocks 163840-196607) [INODE_UNINIT, ITABLE_ZEROED]
  Checksum 0x1da7, unused inodes 8192
  Backup superblock at 163840, Group descriptors at 163841-163843
  Reserved GDT blocks at 163844-164864
  Block bitmap at 1030 (bg #0 + 1030), Inode bitmap at 1046 (bg #0 + 1046)
  Inode table at 3617-4128 (bg #0 + 3617)
  21094 free blocks, 8192 free inodes, 0 directories, 8192 unused inodes
  Free blocks: 164865-180223, 185492-185495, 188416-193751, 193931, 195072-195075, 195327-195335, 195347-195398, 195404-195438, 195448-195486, 195520-195611, 195624-195667, 195678-195699, 195703-195707, 195716-195719, 195728-195743, 195749-195758, 195771-195782, 195805-195818, 195832-195847, 195851-195864, 196040-196045
  Free inodes: 40961-49152
Group 6: (Blocks 196608-229375) [INODE_UNINIT, ITABLE_ZEROED]
  Checksum 0xe2f9, unused inodes 8192
  Block bitmap at 1031 (bg #0 + 1031), Inode bitmap at 1047 (bg #0 + 1047)
  Inode table at 4129-4640 (bg #0 + 4129)
  18392 free blocks, 8192 free inodes, 0 directories, 8192 unused inodes
  Free blocks: 196608-198655, 198720-198741, 198832-198848, 199024-199075, 199109, 199609-199644, 200176-200191, 208391, 208640-208647, 208651-219135, 219418-220998, 221030-221039, 221048-221119, 225280-229154, 229180-229219, 229244-229347, 229352-229375
  Free inodes: 49153-57344
Group 7: (Blocks 229376-262143) [INODE_UNINIT, ITABLE_ZEROED]
  Checksum 0x73d7, unused inodes 8192
  Backup superblock at 229376, Group descriptors at 229377-229379
  Reserved GDT blocks at 229380-230400
  Block bitmap at 1032 (bg #0 + 1032), Inode bitmap at 1048 (bg #0 + 1048)
  Inode table at 4641-5152 (bg #0 + 4641)
  7671 free blocks, 8192 free inodes, 0 directories, 8192 unused inodes
  Free blocks: 230401-231991, 233468-233471, 235272-235519, 237568-237919, 238078-238079, 238207, 238215-238363, 240203-240494, 240625-240639, 240837-241714, 241753-243326, 243685-243711, 243951-244714, 245694-245759, 253952-255526, 255739-255743, 255872-255999
  Free inodes: 57345-65536
Group 8: (Blocks 262144-294911) [INODE_UNINIT, ITABLE_ZEROED]
  Checksum 0xcb67, unused inodes 8192
  Block bitmap at 1033 (bg #0 + 1033), Inode bitmap at 1049 (bg #0 + 1049)
  Inode table at 5153-5664 (bg #0 + 5153)
  11302 free blocks, 8192 free inodes, 0 directories, 8192 unused inodes
  Free blocks: 263382-263508, 264824-265715, 266197-266239, 268288-270335, 284672-292863
  Free inodes: 65537-73728
Group 9: (Blocks 294912-327679) [INODE_UNINIT, ITABLE_ZEROED]
  Checksum 0x78e5, unused inodes 8192
  Backup superblock at 294912, Group descriptors at 294913-294915
  Reserved GDT blocks at 294916-295936
  Block bitmap at 1034 (bg #0 + 1034), Inode bitmap at 1050 (bg #0 + 1050)
  Inode table at 5665-6176 (bg #0 + 5665)
  16183 free blocks, 8192 free inodes, 0 directories, 8192 unused inodes
  Free blocks: 295937-295951, 295968-295999, 296061-296063, 296154-296159, 296186-296191, 296230-296239, 296625-296703, 296743-296767, 296790-296799, 296827-296831, 296856-296863, 296891-296895, 296936-296943, 297002-297007, 297088-297135, 297216-297983, 298080-298111, 298240-298255, 298304-298335, 298410-298415, 298528-298559, 298730-298751, 298794-298799, 298848-298879, 298922-298927, 299034-299039, 299067-299071, 299108-299135, 299163-299167, 299198-299199, 299234-299263, 299306-299311, 299354-299359, 299385-299391, 299431-299455, 299485-299487, 299519, 299546-299551, 299569-299647, 299690-299695, 299712-299775, 299946-299951, 299968-300031, 300658-300671, 300714-300719, 300842-300847, 300970-300991, 301024-301055, 303200-303247, 303360-303487, 303530-303535, 303584-303871, 303914-303935, 304042-304047, 304128-304639, 304682-304687, 304704-304767, 304874-304879, 304960-304991, 309290-309295, 309344-309375, 309418-309423, 309440-309471, 309504-309551, 309866-309871, 309888-310015, 310058-310063, 310186-310207, 310314-310559, 310698-319487, 321536-325631
  Free inodes: 73729-81920
Group 10: (Blocks 327680-360447) [INODE_UNINIT, ITABLE_ZEROED]
  Checksum 0x8d6a, unused inodes 8192
  Block bitmap at 1035 (bg #0 + 1035), Inode bitmap at 1051 (bg #0 + 1051)
  Inode table at 6177-6688 (bg #0 + 6177)
  1344 free blocks, 8192 free inodes, 0 directories, 8192 unused inodes
  Free blocks: 328058-328497, 329423-329727, 339781-339829, 339967, 343471-343551, 343635-344063, 353761-353791, 356372-356379
  Free inodes: 81921-90112
Group 11: (Blocks 360448-393215) [INODE_UNINIT, ITABLE_ZEROED]
  Checksum 0x92d0, unused inodes 8192
  Block bitmap at 1036 (bg #0 + 1036), Inode bitmap at 1052 (bg #0 + 1052)
  Inode table at 6689-7200 (bg #0 + 6689)
  3334 free blocks, 8192 free inodes, 0 directories, 8192 unused inodes
  Free blocks: 374784-374786, 378773-378783, 378923-378927, 378944-378959, 379040-379071, 379178-379183, 379264-379279, 379434-379439, 379488-379599, 379648-379775, 379946-379967, 380074-380079, 380160-380255, 380330-380351, 380970-381183, 381216-381951, 382619-382975, 385024-386047, 386076-386175, 386602-386607, 386656-387071
  Free inodes: 90113-98304
Group 12: (Blocks 393216-425983) [INODE_UNINIT, ITABLE_ZEROED]
  Checksum 0xd2f3, unused inodes 8192
  Block bitmap at 1037 (bg #0 + 1037), Inode bitmap at 1053 (bg #0 + 1053)
  Inode table at 7201-7712 (bg #0 + 7201)
  2357 free blocks, 8192 free inodes, 0 directories, 8192 unused inodes
  Free blocks: 393216-393346, 393534-394003, 395261-395263, 411026-411133, 411619-411647, 412649-413695, 425415-425983
  Free inodes: 98305-106496
Group 13: (Blocks 425984-458751) [INODE_UNINIT, ITABLE_ZEROED]
  Checksum 0x048a, unused inodes 8192
  Block bitmap at 1038 (bg #0 + 1038), Inode bitmap at 1054 (bg #0 + 1054)
  Inode table at 7713-8224 (bg #0 + 7713)
  1320 free blocks, 8192 free inodes, 0 directories, 8192 unused inodes
  Free blocks: 431864-432127, 443463-444415, 448452-448511, 458709-458751
  Free inodes: 106497-114688
Group 14: (Blocks 458752-491519) [INODE_UNINIT, ITABLE_ZEROED]
  Checksum 0x41c8, unused inodes 8192
  Block bitmap at 1039 (bg #0 + 1039), Inode bitmap at 1055 (bg #0 + 1055)
  Inode table at 8225-8736 (bg #0 + 8225)
  18047 free blocks, 8192 free inodes, 0 directories, 8192 unused inodes
  Free blocks: 463446-463514, 463517-463583, 463604-463871, 464647-471039, 479232-481279, 481363-489471, 489943-490754, 491239-491519
  Free inodes: 114689-122880
Group 15: (Blocks 491520-524287) [INODE_UNINIT, ITABLE_ZEROED]
  Checksum 0x72a5, unused inodes 8192
  Block bitmap at 1040 (bg #0 + 1040), Inode bitmap at 1056 (bg #0 + 1056)
  Inode table at 8737-9248 (bg #0 + 8737)
  11586 free blocks, 8192 free inodes, 0 directories, 8192 unused inodes
  Free blocks: 491816-491912, 494617-495103, 507697-507903, 510373-510575, 510592-510975, 512000-512575, 512608-514047, 516096-524287
  Free inodes: 122881-131072
Group 16: (Blocks 524288-557055) [ITABLE_ZEROED]
  Checksum 0xcd1e, unused inodes 248
  Block bitmap at 524288 (+0), Inode bitmap at 524304 (+16)
  Inode table at 524320-524831 (+32)
  23023 free blocks, 369 free inodes, 1516 directories, 248 unused inodes
  Free blocks: 534007-534019, 534045-555548, 555550-557055
  Free inodes: 131133, 138715-138717, 138719, 138721, 138724, 138726-138838, 139016-139264
Group 17: (Blocks 557056-589823) [INODE_UNINIT, ITABLE_ZEROED]
  Checksum 0x4b98, unused inodes 8192
  Block bitmap at 524289 (bg #16 + 1), Inode bitmap at 524305 (bg #16 + 17)
  Inode table at 524832-525343 (bg #16 + 544)
  8616 free blocks, 8192 free inodes, 0 directories, 8192 unused inodes
  Free blocks: 557087, 557408-557503, 561568-561571, 562248-562275, 564213, 564220-564247, 564258-568319, 568568-568714, 568872-568895, 568909-568911, 568971, 571178, 571187, 571214, 571220-571225, 571230-571231, 573086, 576974-576975, 576984-577023, 577463, 577466-581631
  Free inodes: 139265-147456
Group 18: (Blocks 589824-622591) [INODE_UNINIT, ITABLE_ZEROED]
  Checksum 0x187f, unused inodes 8192
  Block bitmap at 524290 (bg #16 + 2), Inode bitmap at 524306 (bg #16 + 18)
  Inode table at 525344-525855 (bg #16 + 1056)
  32768 free blocks, 8192 free inodes, 0 directories, 8192 unused inodes
  Free blocks: 589824-622591
  Free inodes: 147457-155648
Group 19: (Blocks 622592-655359) [INODE_UNINIT, ITABLE_ZEROED]
  Checksum 0xb536, unused inodes 8192
  Block bitmap at 524291 (bg #16 + 3), Inode bitmap at 524307 (bg #16 + 19)
  Inode table at 525856-526367 (bg #16 + 1568)
  30721 free blocks, 8192 free inodes, 0 directories, 8192 unused inodes
  Free blocks: 624639-655359
  Free inodes: 155649-163840
Group 20: (Blocks 655360-688127) [INODE_UNINIT, ITABLE_ZEROED]
  Checksum 0x1aa0, unused inodes 8192
  Block bitmap at 524292 (bg #16 + 4), Inode bitmap at 524308 (bg #16 + 20)
  Inode table at 526368-526879 (bg #16 + 2080)
  32768 free blocks, 8192 free inodes, 0 directories, 8192 unused inodes
  Free blocks: 655360-688127
  Free inodes: 163841-172032
Group 21: (Blocks 688128-720895) [INODE_UNINIT, ITABLE_ZEROED]
  Checksum 0xba7b, unused inodes 8192
  Block bitmap at 524293 (bg #16 + 5), Inode bitmap at 524309 (bg #16 + 21)
  Inode table at 526880-527391 (bg #16 + 2592)
  32768 free blocks, 8192 free inodes, 0 directories, 8192 unused inodes
  Free blocks: 688128-720895
  Free inodes: 172033-180224
Group 22: (Blocks 720896-753663) [INODE_UNINIT, ITABLE_ZEROED]
  Checksum 0x1b15, unused inodes 8192
  Block bitmap at 524294 (bg #16 + 6), Inode bitmap at 524310 (bg #16 + 22)
  Inode table at 527392-527903 (bg #16 + 3104)
  32768 free blocks, 8192 free inodes, 0 directories, 8192 unused inodes
  Free blocks: 720896-753663
  Free inodes: 180225-188416
Group 23: (Blocks 753664-786431) [INODE_UNINIT, ITABLE_ZEROED]
  Checksum 0xbbce, unused inodes 8192
  Block bitmap at 524295 (bg #16 + 7), Inode bitmap at 524311 (bg #16 + 23)
  Inode table at 527904-528415 (bg #16 + 3616)
  32768 free blocks, 8192 free inodes, 0 directories, 8192 unused inodes
  Free blocks: 753664-786431
  Free inodes: 188417-196608
Group 24: (Blocks 786432-819199) [INODE_UNINIT, ITABLE_ZEROED]
  Checksum 0x1f1e, unused inodes 8192
  Block bitmap at 524296 (bg #16 + 8), Inode bitmap at 524312 (bg #16 + 24)
  Inode table at 528416-528927 (bg #16 + 4128)
  32768 free blocks, 8192 free inodes, 0 directories, 8192 unused inodes
  Free blocks: 786432-819199
  Free inodes: 196609-204800
Group 25: (Blocks 819200-851967) [INODE_UNINIT, ITABLE_ZEROED]
  Checksum 0x9af6, unused inodes 8192
  Backup superblock at 819200, Group descriptors at 819201-819203
  Reserved GDT blocks at 819204-820224
  Block bitmap at 524297 (bg #16 + 9), Inode bitmap at 524313 (bg #16 + 25)
  Inode table at 528928-529439 (bg #16 + 4640)
  31743 free blocks, 8192 free inodes, 0 directories, 8192 unused inodes
  Free blocks: 820225-851967
  Free inodes: 204801-212992
Group 26: (Blocks 851968-884735) [INODE_UNINIT, ITABLE_ZEROED]
  Checksum 0x1eab, unused inodes 8192
  Block bitmap at 524298 (bg #16 + 10), Inode bitmap at 524314 (bg #16 + 26)
  Inode table at 529440-529951 (bg #16 + 5152)
  32768 free blocks, 8192 free inodes, 0 directories, 8192 unused inodes
  Free blocks: 851968-884735
  Free inodes: 212993-221184
Group 27: (Blocks 884736-917503) [INODE_UNINIT, ITABLE_ZEROED]
  Checksum 0x9b43, unused inodes 8192
  Backup superblock at 884736, Group descriptors at 884737-884739
  Reserved GDT blocks at 884740-885760
  Block bitmap at 524299 (bg #16 + 11), Inode bitmap at 524315 (bg #16 + 27)
  Inode table at 529952-530463 (bg #16 + 5664)
  31743 free blocks, 8192 free inodes, 0 directories, 8192 unused inodes
  Free blocks: 885761-917503
  Free inodes: 221185-229376
Group 28: (Blocks 917504-950271) [INODE_UNINIT, ITABLE_ZEROED]
  Checksum 0x1c74, unused inodes 8192
  Block bitmap at 524300 (bg #16 + 12), Inode bitmap at 524316 (bg #16 + 28)
  Inode table at 530464-530975 (bg #16 + 6176)
  32768 free blocks, 8192 free inodes, 0 directories, 8192 unused inodes
  Free blocks: 917504-950271
  Free inodes: 229377-237568
Group 29: (Blocks 950272-983039) [INODE_UNINIT, ITABLE_ZEROED]
  Checksum 0xbcaf, unused inodes 8192
  Block bitmap at 524301 (bg #16 + 13), Inode bitmap at 524317 (bg #16 + 29)
  Inode table at 530976-531487 (bg #16 + 6688)
  32768 free blocks, 8192 free inodes, 0 directories, 8192 unused inodes
  Free blocks: 950272-983039
  Free inodes: 237569-245760
Group 30: (Blocks 983040-1015807) [INODE_UNINIT, ITABLE_ZEROED]
  Checksum 0x1dc1, unused inodes 8192
  Block bitmap at 524302 (bg #16 + 14), Inode bitmap at 524318 (bg #16 + 30)
  Inode table at 531488-531999 (bg #16 + 7200)
  32768 free blocks, 8192 free inodes, 0 directories, 8192 unused inodes
  Free blocks: 983040-1015807
  Free inodes: 245761-253952
Group 31: (Blocks 1015808-1048575) [INODE_UNINIT, ITABLE_ZEROED]
  Checksum 0xbd1a, unused inodes 8192
  Block bitmap at 524303 (bg #16 + 15), Inode bitmap at 524319 (bg #16 + 31)
  Inode table at 532000-532511 (bg #16 + 7712)
  32768 free blocks, 8192 free inodes, 0 directories, 8192 unused inodes
  Free blocks: 1015808-1048575
  Free inodes: 253953-262144
Group 32: (Blocks 1048576-1081343) [ITABLE_ZEROED]
  Checksum 0x4f94, unused inodes 0
  Block bitmap at 1048576 (+0), Inode bitmap at 1048592 (+16)
  Inode table at 1048608-1049119 (+32)
  22884 free blocks, 110 free inodes, 1485 directories
  Free blocks: 1057971, 1058033-1058047, 1058409, 1058432-1058527, 1058537, 1058554-1058558, 1058560-1058592, 1058594-1058662, 1058664-1058702, 1058720-1081343
  Free inodes: 270227-270336
Group 33: (Blocks 1081344-1114111) [ITABLE_ZEROED]
  Checksum 0x28b9, unused inodes 7761
  Block bitmap at 1048577 (bg #32 + 1), Inode bitmap at 1048593 (bg #32 + 17)
  Inode table at 1049120-1049631 (bg #32 + 544)
  5646 free blocks, 7971 free inodes, 25 directories, 7761 unused inodes
  Free blocks: 1085944-1085951, 1086060-1086079, 1086128-1086143, 1087072-1087079, 1087280-1087295, 1087308-1087317, 1087547-1087552, 1094068-1094069, 1108026-1108772, 1108776-1108779, 1109279, 1109288-1109295, 1109312-1114111
  Free inodes: 270337-270546, 270768-278528
Group 34: (Blocks 1114112-1146879) [INODE_UNINIT, ITABLE_ZEROED]
  Checksum 0x8d45, unused inodes 8192
  Block bitmap at 1048578 (bg #32 + 2), Inode bitmap at 1048594 (bg #32 + 18)
  Inode table at 1049632-1050143 (bg #32 + 1056)
  32768 free blocks, 8192 free inodes, 0 directories, 8192 unused inodes
  Free blocks: 1114112-1146879
  Free inodes: 278529-286720
Group 35: (Blocks 1146880-1179647) [INODE_UNINIT, ITABLE_ZEROED]
  Checksum 0x2d9e, unused inodes 8192
  Block bitmap at 1048579 (bg #32 + 3), Inode bitmap at 1048595 (bg #32 + 19)
  Inode table at 1050144-1050655 (bg #32 + 1568)
  32768 free blocks, 8192 free inodes, 0 directories, 8192 unused inodes
  Free blocks: 1146880-1179647
  Free inodes: 286721-294912
Group 36: (Blocks 1179648-1212415) [INODE_UNINIT, ITABLE_ZEROED]
  Checksum 0x8f9a, unused inodes 8192
  Block bitmap at 1048580 (bg #32 + 4), Inode bitmap at 1048596 (bg #32 + 20)
  Inode table at 1050656-1051167 (bg #32 + 2080)
  32768 free blocks, 8192 free inodes, 0 directories, 8192 unused inodes
  Free blocks: 1179648-1212415
  Free inodes: 294913-303104
Group 37: (Blocks 1212416-1245183) [INODE_UNINIT, ITABLE_ZEROED]
  Checksum 0x2f41, unused inodes 8192
  Block bitmap at 1048581 (bg #32 + 5), Inode bitmap at 1048597 (bg #32 + 21)
  Inode table at 1051168-1051679 (bg #32 + 2592)
  32768 free blocks, 8192 free inodes, 0 directories, 8192 unused inodes
  Free blocks: 1212416-1245183
  Free inodes: 303105-311296
Group 38: (Blocks 1245184-1277951) [INODE_UNINIT, ITABLE_ZEROED]
  Checksum 0x8e2f, unused inodes 8192
  Block bitmap at 1048582 (bg #32 + 6), Inode bitmap at 1048598 (bg #32 + 22)
  Inode table at 1051680-1052191 (bg #32 + 3104)
  32768 free blocks, 8192 free inodes, 0 directories, 8192 unused inodes
  Free blocks: 1245184-1277951
  Free inodes: 311297-319488
Group 39: (Blocks 1277952-1310719) [INODE_UNINIT, ITABLE_ZEROED]
  Checksum 0x2ef4, unused inodes 8192
  Block bitmap at 1048583 (bg #32 + 7), Inode bitmap at 1048599 (bg #32 + 23)
  Inode table at 1052192-1052703 (bg #32 + 3616)
  32768 free blocks, 8192 free inodes, 0 directories, 8192 unused inodes
  Free blocks: 1277952-1310719
  Free inodes: 319489-327680
Group 40: (Blocks 1310720-1343487) [INODE_UNINIT, ITABLE_ZEROED]
  Checksum 0x59b0, unused inodes 8192
  Block bitmap at 1048584 (bg #32 + 8), Inode bitmap at 1048600 (bg #32 + 24)
  Inode table at 1052704-1053215 (bg #32 + 4128)
  14876 free blocks, 8192 free inodes, 0 directories, 8192 unused inodes
  Free blocks: 1323853-1324031, 1324120-1324127, 1324145-1324159, 1324279-1324287, 1324352-1324367, 1324376-1324383, 1324480-1324499, 1324531-1324543, 1324586-1324591, 1324677-1324687, 1324705-1324735, 1324800-1324811, 1324993-1325007, 1325206-1325215, 1325383-1325391, 1325497-1325503, 1325520-1325567, 1325601-1325695, 1325763, 1325783, 1325794, 1325809, 1325829, 1325845-1327103, 1328276-1328383, 1328442-1328511, 1328518-1329151, 1331200-1343487
  Free inodes: 327681-335872
Group 41: (Blocks 1343488-1376255) [INODE_UNINIT, ITABLE_ZEROED]
  Checksum 0x897a, unused inodes 8192
  Block bitmap at 1048585 (bg #32 + 9), Inode bitmap at 1048601 (bg #32 + 25)
  Inode table at 1053216-1053727 (bg #32 + 4640)
  12291 free blocks, 8192 free inodes, 0 directories, 8192 unused inodes
  Free blocks: 1349629-1353727, 1357824-1366015
  Free inodes: 335873-344064
Group 42: (Blocks 1376256-1409023) [INODE_UNINIT, ITABLE_ZEROED]
  Checksum 0x3391, unused inodes 8192
  Block bitmap at 1048586 (bg #32 + 10), Inode bitmap at 1048602 (bg #32 + 26)
  Inode table at 1053728-1054239 (bg #32 + 5152)
  28304 free blocks, 8192 free inodes, 0 directories, 8192 unused inodes
  Free blocks: 1378505-1378527, 1378614-1378687, 1380735, 1380802-1380815, 1380832-1409023
  Free inodes: 344065-352256
Group 43: (Blocks 1409024-1441791) [INODE_UNINIT, BLOCK_UNINIT, ITABLE_ZEROED]
  Checksum 0xecb3, unused inodes 8192
  Block bitmap at 1048587 (bg #32 + 11), Inode bitmap at 1048603 (bg #32 + 27)
  Inode table at 1054240-1054751 (bg #32 + 5664)
  32768 free blocks, 8192 free inodes, 0 directories, 8192 unused inodes
  Free blocks: 1409024-1441791
  Free inodes: 352257-360448
Group 44: (Blocks 1441792-1474559) [INODE_UNINIT, BLOCK_UNINIT, ITABLE_ZEROED]
  Checksum 0x4eb7, unused inodes 8192
  Block bitmap at 1048588 (bg #32 + 12), Inode bitmap at 1048604 (bg #32 + 28)
  Inode table at 1054752-1055263 (bg #32 + 6176)
  32768 free blocks, 8192 free inodes, 0 directories, 8192 unused inodes
  Free blocks: 1441792-1474559
  Free inodes: 360449-368640
Group 45: (Blocks 1474560-1507327) [INODE_UNINIT, BLOCK_UNINIT, ITABLE_ZEROED]
  Checksum 0xee6c, unused inodes 8192
  Block bitmap at 1048589 (bg #32 + 13), Inode bitmap at 1048605 (bg #32 + 29)
  Inode table at 1055264-1055775 (bg #32 + 6688)
  32768 free blocks, 8192 free inodes, 0 directories, 8192 unused inodes
  Free blocks: 1474560-1507327
  Free inodes: 368641-376832
Group 46: (Blocks 1507328-1540095) [INODE_UNINIT, BLOCK_UNINIT, ITABLE_ZEROED]
  Checksum 0x4f02, unused inodes 8192
  Block bitmap at 1048590 (bg #32 + 14), Inode bitmap at 1048606 (bg #32 + 30)
  Inode table at 1055776-1056287 (bg #32 + 7200)
  32768 free blocks, 8192 free inodes, 0 directories, 8192 unused inodes
  Free blocks: 1507328-1540095
  Free inodes: 376833-385024
Group 47: (Blocks 1540096-1572863) [INODE_UNINIT, BLOCK_UNINIT, ITABLE_ZEROED]
  Checksum 0xefd9, unused inodes 8192
  Block bitmap at 1048591 (bg #32 + 15), Inode bitmap at 1048607 (bg #32 + 31)
  Inode table at 1056288-1056799 (bg #32 + 7712)
  32768 free blocks, 8192 free inodes, 0 directories, 8192 unused inodes
  Free blocks: 1540096-1572863
  Free inodes: 385025-393216
Group 48: (Blocks 1572864-1605631) [ITABLE_ZEROED]
  Checksum 0x083a, unused inodes 1149
  Block bitmap at 1572864 (+0), Inode bitmap at 1572880 (+16)
  Inode table at 1572896-1573407 (+32)
  22894 free blocks, 1514 free inodes, 1488 directories, 1149 unused inodes
  Free blocks: 1581102, 1581106, 1581121, 1581161-1581183, 1582720-1582847, 1582851-1582889, 1582891-1582959, 1582961-1582999, 1583003, 1583040-1605631
  Free inodes: 399818, 399852-399854, 399857-400014, 400021-400084, 400091, 400094-400224, 400253-401408
Group 49: (Blocks 1605632-1638399) [INODE_UNINIT, ITABLE_ZEROED]
  Checksum 0xffe9, unused inodes 8192
  Backup superblock at 1605632, Group descriptors at 1605633-1605635
  Reserved GDT blocks at 1605636-1606656
  Block bitmap at 1572865 (bg #48 + 1), Inode bitmap at 1572881 (bg #48 + 17)
  Inode table at 1573408-1573919 (bg #48 + 544)
  22939 free blocks, 8192 free inodes, 0 directories, 8192 unused inodes
  Free blocks: 1613824-1622015, 1623616-1623619, 1623624-1623795, 1623804-1624230, 1624256-1638399
  Free inodes: 401409-409600
Group 50: (Blocks 1638400-1671167) [INODE_UNINIT, BLOCK_UNINIT, ITABLE_ZEROED]
  Checksum 0x39aa, unused inodes 8192
  Block bitmap at 1572866 (bg #48 + 2), Inode bitmap at 1572882 (bg #48 + 18)
  Inode table at 1573920-1574431 (bg #48 + 1056)
  32768 free blocks, 8192 free inodes, 0 directories, 8192 unused inodes
  Free blocks: 1638400-1671167
  Free inodes: 409601-417792
Group 51: (Blocks 1671168-1703935) [INODE_UNINIT, BLOCK_UNINIT, ITABLE_ZEROED]
  Checksum 0x9971, unused inodes 8192
  Block bitmap at 1572867 (bg #48 + 3), Inode bitmap at 1572883 (bg #48 + 19)
  Inode table at 1574432-1574943 (bg #48 + 1568)
  32768 free blocks, 8192 free inodes, 0 directories, 8192 unused inodes
  Free blocks: 1671168-1703935
  Free inodes: 417793-425984
Group 52: (Blocks 1703936-1736703) [INODE_UNINIT, BLOCK_UNINIT, ITABLE_ZEROED]
  Checksum 0x3b75, unused inodes 8192
  Block bitmap at 1572868 (bg #48 + 4), Inode bitmap at 1572884 (bg #48 + 20)
  Inode table at 1574944-1575455 (bg #48 + 2080)
  32768 free blocks, 8192 free inodes, 0 directories, 8192 unused inodes
  Free blocks: 1703936-1736703
  Free inodes: 425985-434176
Group 53: (Blocks 1736704-1769471) [INODE_UNINIT, BLOCK_UNINIT, ITABLE_ZEROED]
  Checksum 0x9bae, unused inodes 8192
  Block bitmap at 1572869 (bg #48 + 5), Inode bitmap at 1572885 (bg #48 + 21)
  Inode table at 1575456-1575967 (bg #48 + 2592)
  32768 free blocks, 8192 free inodes, 0 directories, 8192 unused inodes
  Free blocks: 1736704-1769471
  Free inodes: 434177-442368
Group 54: (Blocks 1769472-1802239) [INODE_UNINIT, BLOCK_UNINIT, ITABLE_ZEROED]
  Checksum 0x3ac0, unused inodes 8192
  Block bitmap at 1572870 (bg #48 + 6), Inode bitmap at 1572886 (bg #48 + 22)
  Inode table at 1575968-1576479 (bg #48 + 3104)
  32768 free blocks, 8192 free inodes, 0 directories, 8192 unused inodes
  Free blocks: 1769472-1802239
  Free inodes: 442369-450560
Group 55: (Blocks 1802240-1835007) [INODE_UNINIT, BLOCK_UNINIT, ITABLE_ZEROED]
  Checksum 0x9a1b, unused inodes 8192
  Block bitmap at 1572871 (bg #48 + 7), Inode bitmap at 1572887 (bg #48 + 23)
  Inode table at 1576480-1576991 (bg #48 + 3616)
  32768 free blocks, 8192 free inodes, 0 directories, 8192 unused inodes
  Free blocks: 1802240-1835007
  Free inodes: 450561-458752
Group 56: (Blocks 1835008-1867775) [INODE_UNINIT, BLOCK_UNINIT, ITABLE_ZEROED]
  Checksum 0x3ecb, unused inodes 8192
  Block bitmap at 1572872 (bg #48 + 8), Inode bitmap at 1572888 (bg #48 + 24)
  Inode table at 1576992-1577503 (bg #48 + 4128)
  32768 free blocks, 8192 free inodes, 0 directories, 8192 unused inodes
  Free blocks: 1835008-1867775
  Free inodes: 458753-466944
Group 57: (Blocks 1867776-1900543) [INODE_UNINIT, BLOCK_UNINIT, ITABLE_ZEROED]
  Checksum 0x9e10, unused inodes 8192
  Block bitmap at 1572873 (bg #48 + 9), Inode bitmap at 1572889 (bg #48 + 25)
  Inode table at 1577504-1578015 (bg #48 + 4640)
  32768 free blocks, 8192 free inodes, 0 directories, 8192 unused inodes
  Free blocks: 1867776-1900543
  Free inodes: 466945-475136
Group 58: (Blocks 1900544-1933311) [INODE_UNINIT, BLOCK_UNINIT, ITABLE_ZEROED]
  Checksum 0x3f7e, unused inodes 8192
  Block bitmap at 1572874 (bg #48 + 10), Inode bitmap at 1572890 (bg #48 + 26)
  Inode table at 1578016-1578527 (bg #48 + 5152)
  32768 free blocks, 8192 free inodes, 0 directories, 8192 unused inodes
  Free blocks: 1900544-1933311
  Free inodes: 475137-483328
Group 59: (Blocks 1933312-1966079) [INODE_UNINIT, BLOCK_UNINIT, ITABLE_ZEROED]
  Checksum 0x9fa5, unused inodes 8192
  Block bitmap at 1572875 (bg #48 + 11), Inode bitmap at 1572891 (bg #48 + 27)
  Inode table at 1578528-1579039 (bg #48 + 5664)
  32768 free blocks, 8192 free inodes, 0 directories, 8192 unused inodes
  Free blocks: 1933312-1966079
  Free inodes: 483329-491520
Group 60: (Blocks 1966080-1998847) [INODE_UNINIT, BLOCK_UNINIT, ITABLE_ZEROED]
  Checksum 0x3da1, unused inodes 8192
  Block bitmap at 1572876 (bg #48 + 12), Inode bitmap at 1572892 (bg #48 + 28)
  Inode table at 1579040-1579551 (bg #48 + 6176)
  32768 free blocks, 8192 free inodes, 0 directories, 8192 unused inodes
  Free blocks: 1966080-1998847
  Free inodes: 491521-499712
Group 61: (Blocks 1998848-2031615) [INODE_UNINIT, BLOCK_UNINIT, ITABLE_ZEROED]
  Checksum 0x9d7a, unused inodes 8192
  Block bitmap at 1572877 (bg #48 + 13), Inode bitmap at 1572893 (bg #48 + 29)
  Inode table at 1579552-1580063 (bg #48 + 6688)
  32768 free blocks, 8192 free inodes, 0 directories, 8192 unused inodes
  Free blocks: 1998848-2031615
  Free inodes: 499713-507904
Group 62: (Blocks 2031616-2064383) [INODE_UNINIT, BLOCK_UNINIT, ITABLE_ZEROED]
  Checksum 0x3c14, unused inodes 8192
  Block bitmap at 1572878 (bg #48 + 14), Inode bitmap at 1572894 (bg #48 + 30)
  Inode table at 1580064-1580575 (bg #48 + 7200)
  32768 free blocks, 8192 free inodes, 0 directories, 8192 unused inodes
  Free blocks: 2031616-2064383
  Free inodes: 507905-516096
Group 63: (Blocks 2064384-2097151) [INODE_UNINIT, BLOCK_UNINIT, ITABLE_ZEROED]
  Checksum 0x9ccf, unused inodes 8192
  Block bitmap at 1572879 (bg #48 + 15), Inode bitmap at 1572895 (bg #48 + 31)
  Inode table at 1580576-1581087 (bg #48 + 7712)
  32768 free blocks, 8192 free inodes, 0 directories, 8192 unused inodes
  Free blocks: 2064384-2097151
  Free inodes: 516097-524288
Group 64: (Blocks 2097152-2129919) [ITABLE_ZEROED]
  Checksum 0xa738, unused inodes 1413
  Block bitmap at 2097152 (+0), Inode bitmap at 2097168 (+16)
  Inode table at 2097184-2097695 (+32)
  23447 free blocks, 2227 free inodes, 1093 directories, 1413 unused inodes
  Free blocks: 2106424-2106463, 2106496-2106575, 2106589-2106591, 2106596-2129919
  Free inodes: 529742-529929, 530432-530433, 530443-530445, 530447-532480
Group 65: (Blocks 2129920-2162687) [INODE_UNINIT, ITABLE_ZEROED]
  Checksum 0xae3d, unused inodes 8192
  Block bitmap at 2097153 (bg #64 + 1), Inode bitmap at 2097169 (bg #64 + 17)
  Inode table at 2097696-2098207 (bg #64 + 544)
  0 free blocks, 8192 free inodes, 0 directories, 8192 unused inodes
  Free blocks: 
  Free inodes: 532481-540672
Group 66: (Blocks 2162688-2195455) [INODE_UNINIT, ITABLE_ZEROED]
  Checksum 0x56b0, unused inodes 8192
  Block bitmap at 2097154 (bg #64 + 2), Inode bitmap at 2097170 (bg #64 + 18)
  Inode table at 2098208-2098719 (bg #64 + 1056)
  24460 free blocks, 8192 free inodes, 0 directories, 8192 unused inodes
  Free blocks: 2170228-2170623, 2170880-2179327, 2179840-2195455
  Free inodes: 540673-548864
Group 67: (Blocks 2195456-2228223) [INODE_UNINIT, BLOCK_UNINIT, ITABLE_ZEROED]
  Checksum 0x8010, unused inodes 8192
  Block bitmap at 2097155 (bg #64 + 3), Inode bitmap at 2097171 (bg #64 + 19)
  Inode table at 2098720-2099231 (bg #64 + 1568)
  32768 free blocks, 8192 free inodes, 0 directories, 8192 unused inodes
  Free blocks: 2195456-2228223
  Free inodes: 548865-557056
Group 68: (Blocks 2228224-2260991) [INODE_UNINIT, BLOCK_UNINIT, ITABLE_ZEROED]
  Checksum 0x2214, unused inodes 8192
  Block bitmap at 2097156 (bg #64 + 4), Inode bitmap at 2097172 (bg #64 + 20)
  Inode table at 2099232-2099743 (bg #64 + 2080)
  32768 free blocks, 8192 free inodes, 0 directories, 8192 unused inodes
  Free blocks: 2228224-2260991
  Free inodes: 557057-565248
Group 69: (Blocks 2260992-2293759) [INODE_UNINIT, BLOCK_UNINIT, ITABLE_ZEROED]
  Checksum 0x82cf, unused inodes 8192
  Block bitmap at 2097157 (bg #64 + 5), Inode bitmap at 2097173 (bg #64 + 21)
  Inode table at 2099744-2100255 (bg #64 + 2592)
  32768 free blocks, 8192 free inodes, 0 directories, 8192 unused inodes
  Free blocks: 2260992-2293759
  Free inodes: 565249-573440
Group 70: (Blocks 2293760-2326527) [INODE_UNINIT, BLOCK_UNINIT, ITABLE_ZEROED]
  Checksum 0x23a1, unused inodes 8192
  Block bitmap at 2097158 (bg #64 + 6), Inode bitmap at 2097174 (bg #64 + 22)
  Inode table at 2100256-2100767 (bg #64 + 3104)
  32768 free blocks, 8192 free inodes, 0 directories, 8192 unused inodes
  Free blocks: 2293760-2326527
  Free inodes: 573441-581632
Group 71: (Blocks 2326528-2359295) [INODE_UNINIT, BLOCK_UNINIT, ITABLE_ZEROED]
  Checksum 0x837a, unused inodes 8192
  Block bitmap at 2097159 (bg #64 + 7), Inode bitmap at 2097175 (bg #64 + 23)
  Inode table at 2100768-2101279 (bg #64 + 3616)
  32768 free blocks, 8192 free inodes, 0 directories, 8192 unused inodes
  Free blocks: 2326528-2359295
  Free inodes: 581633-589824
Group 72: (Blocks 2359296-2392063) [INODE_UNINIT, BLOCK_UNINIT, ITABLE_ZEROED]
  Checksum 0x27aa, unused inodes 8192
  Block bitmap at 2097160 (bg #64 + 8), Inode bitmap at 2097176 (bg #64 + 24)
  Inode table at 2101280-2101791 (bg #64 + 4128)
  32768 free blocks, 8192 free inodes, 0 directories, 8192 unused inodes
  Free blocks: 2359296-2392063
  Free inodes: 589825-598016
Group 73: (Blocks 2392064-2424831) [INODE_UNINIT, BLOCK_UNINIT, ITABLE_ZEROED]
  Checksum 0x8771, unused inodes 8192
  Block bitmap at 2097161 (bg #64 + 9), Inode bitmap at 2097177 (bg #64 + 25)
  Inode table at 2101792-2102303 (bg #64 + 4640)
  32768 free blocks, 8192 free inodes, 0 directories, 8192 unused inodes
  Free blocks: 2392064-2424831
  Free inodes: 598017-606208
Group 74: (Blocks 2424832-2457599) [INODE_UNINIT, BLOCK_UNINIT, ITABLE_ZEROED]
  Checksum 0x261f, unused inodes 8192
  Block bitmap at 2097162 (bg #64 + 10), Inode bitmap at 2097178 (bg #64 + 26)
  Inode table at 2102304-2102815 (bg #64 + 5152)
  32768 free blocks, 8192 free inodes, 0 directories, 8192 unused inodes
  Free blocks: 2424832-2457599
  Free inodes: 606209-614400
Group 75: (Blocks 2457600-2490367) [INODE_UNINIT, BLOCK_UNINIT, ITABLE_ZEROED]
  Checksum 0x86c4, unused inodes 8192
  Block bitmap at 2097163 (bg #64 + 11), Inode bitmap at 2097179 (bg #64 + 27)
  Inode table at 2102816-2103327 (bg #64 + 5664)
  32768 free blocks, 8192 free inodes, 0 directories, 8192 unused inodes
  Free blocks: 2457600-2490367
  Free inodes: 614401-622592
Group 76: (Blocks 2490368-2523135) [INODE_UNINIT, BLOCK_UNINIT, ITABLE_ZEROED]
  Checksum 0x24c0, unused inodes 8192
  Block bitmap at 2097164 (bg #64 + 12), Inode bitmap at 2097180 (bg #64 + 28)
  Inode table at 2103328-2103839 (bg #64 + 6176)
  32768 free blocks, 8192 free inodes, 0 directories, 8192 unused inodes
  Free blocks: 2490368-2523135
  Free inodes: 622593-630784
Group 77: (Blocks 2523136-2555903) [INODE_UNINIT, BLOCK_UNINIT, ITABLE_ZEROED]
  Checksum 0x841b, unused inodes 8192
  Block bitmap at 2097165 (bg #64 + 13), Inode bitmap at 2097181 (bg #64 + 29)
  Inode table at 2103840-2104351 (bg #64 + 6688)
  32768 free blocks, 8192 free inodes, 0 directories, 8192 unused inodes
  Free blocks: 2523136-2555903
  Free inodes: 630785-638976
Group 78: (Blocks 2555904-2588671) [INODE_UNINIT, BLOCK_UNINIT, ITABLE_ZEROED]
  Checksum 0x2575, unused inodes 8192
  Block bitmap at 2097166 (bg #64 + 14), Inode bitmap at 2097182 (bg #64 + 30)
  Inode table at 2104352-2104863 (bg #64 + 7200)
  32768 free blocks, 8192 free inodes, 0 directories, 8192 unused inodes
  Free blocks: 2555904-2588671
  Free inodes: 638977-647168
Group 79: (Blocks 2588672-2621439) [INODE_UNINIT, BLOCK_UNINIT, ITABLE_ZEROED]
  Checksum 0x85ae, unused inodes 8192
  Block bitmap at 2097167 (bg #64 + 15), Inode bitmap at 2097183 (bg #64 + 31)
  Inode table at 2104864-2105375 (bg #64 + 7712)
  32768 free blocks, 8192 free inodes, 0 directories, 8192 unused inodes
  Free blocks: 2588672-2621439
  Free inodes: 647169-655360
Group 80: (Blocks 2621440-2654207) [ITABLE_ZEROED]
  Checksum 0x998e, unused inodes 3413
  Block bitmap at 2621440 (+0), Inode bitmap at 2621456 (+16)
  Inode table at 2621472-2621983 (+32)
  23919 free blocks, 6355 free inodes, 479 directories, 3413 unused inodes
  Free blocks: 2630289-2654207
  Free inodes: 657198-663552
Group 81: (Blocks 2654208-2686975) [INODE_UNINIT, ITABLE_ZEROED]
  Checksum 0x4c0c, unused inodes 8192
  Backup superblock at 2654208, Group descriptors at 2654209-2654211
  Reserved GDT blocks at 2654212-2655232
  Block bitmap at 2621441 (bg #80 + 1), Inode bitmap at 2621457 (bg #80 + 17)
  Inode table at 2621984-2622495 (bg #80 + 544)
  19979 free blocks, 8192 free inodes, 0 directories, 8192 unused inodes
  Free blocks: 2655337, 2655342, 2655347, 2662400-2670591, 2674816-2675199, 2675326, 2675330, 2675332, 2675337, 2675413-2675455, 2675536-2675567, 2675573, 2675578, 2675580, 2675583, 2675588, 2675590, 2675603-2675604, 2675636, 2675642, 2675644-2675645, 2675647, 2675665, 2675667-2675709, 2675712-2686975
  Free inodes: 663553-671744
Group 82: (Blocks 2686976-2719743) [INODE_UNINIT, BLOCK_UNINIT, ITABLE_ZEROED]
  Checksum 0x53dd, unused inodes 8192
  Block bitmap at 2621442 (bg #80 + 2), Inode bitmap at 2621458 (bg #80 + 18)
  Inode table at 2622496-2623007 (bg #80 + 1056)
  32768 free blocks, 8192 free inodes, 0 directories, 8192 unused inodes
  Free blocks: 2686976-2719743
  Free inodes: 671745-679936
Group 83: (Blocks 2719744-2752511) [INODE_UNINIT, BLOCK_UNINIT, ITABLE_ZEROED]
  Checksum 0xf306, unused inodes 8192
  Block bitmap at 2621443 (bg #80 + 3), Inode bitmap at 2621459 (bg #80 + 19)
  Inode table at 2623008-2623519 (bg #80 + 1568)
  32768 free blocks, 8192 free inodes, 0 directories, 8192 unused inodes
  Free blocks: 2719744-2752511
  Free inodes: 679937-688128
Group 84: (Blocks 2752512-2785279) [INODE_UNINIT, BLOCK_UNINIT, ITABLE_ZEROED]
  Checksum 0x5102, unused inodes 8192
  Block bitmap at 2621444 (bg #80 + 4), Inode bitmap at 2621460 (bg #80 + 20)
  Inode table at 2623520-2624031 (bg #80 + 2080)
  32768 free blocks, 8192 free inodes, 0 directories, 8192 unused inodes
  Free blocks: 2752512-2785279
  Free inodes: 688129-696320
Group 85: (Blocks 2785280-2818047) [INODE_UNINIT, BLOCK_UNINIT, ITABLE_ZEROED]
  Checksum 0xf1d9, unused inodes 8192
  Block bitmap at 2621445 (bg #80 + 5), Inode bitmap at 2621461 (bg #80 + 21)
  Inode table at 2624032-2624543 (bg #80 + 2592)
  32768 free blocks, 8192 free inodes, 0 directories, 8192 unused inodes
  Free blocks: 2785280-2818047
  Free inodes: 696321-704512
Group 86: (Blocks 2818048-2850815) [INODE_UNINIT, BLOCK_UNINIT, ITABLE_ZEROED]
  Checksum 0x50b7, unused inodes 8192
  Block bitmap at 2621446 (bg #80 + 6), Inode bitmap at 2621462 (bg #80 + 22)
  Inode table at 2624544-2625055 (bg #80 + 3104)
  32768 free blocks, 8192 free inodes, 0 directories, 8192 unused inodes
  Free blocks: 2818048-2850815
  Free inodes: 704513-712704
Group 87: (Blocks 2850816-2883583) [INODE_UNINIT, BLOCK_UNINIT, ITABLE_ZEROED]
  Checksum 0xf06c, unused inodes 8192
  Block bitmap at 2621447 (bg #80 + 7), Inode bitmap at 2621463 (bg #80 + 23)
  Inode table at 2625056-2625567 (bg #80 + 3616)
  32768 free blocks, 8192 free inodes, 0 directories, 8192 unused inodes
  Free blocks: 2850816-2883583
  Free inodes: 712705-720896
Group 88: (Blocks 2883584-2916351) [INODE_UNINIT, BLOCK_UNINIT, ITABLE_ZEROED]
  Checksum 0x54bc, unused inodes 8192
  Block bitmap at 2621448 (bg #80 + 8), Inode bitmap at 2621464 (bg #80 + 24)
  Inode table at 2625568-2626079 (bg #80 + 4128)
  32768 free blocks, 8192 free inodes, 0 directories, 8192 unused inodes
  Free blocks: 2883584-2916351
  Free inodes: 720897-729088
Group 89: (Blocks 2916352-2949119) [INODE_UNINIT, BLOCK_UNINIT, ITABLE_ZEROED]
  Checksum 0xf467, unused inodes 8192
  Block bitmap at 2621449 (bg #80 + 9), Inode bitmap at 2621465 (bg #80 + 25)
  Inode table at 2626080-2626591 (bg #80 + 4640)
  32768 free blocks, 8192 free inodes, 0 directories, 8192 unused inodes
  Free blocks: 2916352-2949119
  Free inodes: 729089-737280
Group 90: (Blocks 2949120-2981887) [INODE_UNINIT, BLOCK_UNINIT, ITABLE_ZEROED]
  Checksum 0x5509, unused inodes 8192
  Block bitmap at 2621450 (bg #80 + 10), Inode bitmap at 2621466 (bg #80 + 26)
  Inode table at 2626592-2627103 (bg #80 + 5152)
  32768 free blocks, 8192 free inodes, 0 directories, 8192 unused inodes
  Free blocks: 2949120-2981887
  Free inodes: 737281-745472
Group 91: (Blocks 2981888-3014655) [INODE_UNINIT, BLOCK_UNINIT, ITABLE_ZEROED]
  Checksum 0xf5d2, unused inodes 8192
  Block bitmap at 2621451 (bg #80 + 11), Inode bitmap at 2621467 (bg #80 + 27)
  Inode table at 2627104-2627615 (bg #80 + 5664)
  32768 free blocks, 8192 free inodes, 0 directories, 8192 unused inodes
  Free blocks: 2981888-3014655
  Free inodes: 745473-753664
Group 92: (Blocks 3014656-3047423) [INODE_UNINIT, BLOCK_UNINIT, ITABLE_ZEROED]
  Checksum 0x57d6, unused inodes 8192
  Block bitmap at 2621452 (bg #80 + 12), Inode bitmap at 2621468 (bg #80 + 28)
  Inode table at 2627616-2628127 (bg #80 + 6176)
  32768 free blocks, 8192 free inodes, 0 directories, 8192 unused inodes
  Free blocks: 3014656-3047423
  Free inodes: 753665-761856
Group 93: (Blocks 3047424-3080191) [INODE_UNINIT, BLOCK_UNINIT, ITABLE_ZEROED]
  Checksum 0xf70d, unused inodes 8192
  Block bitmap at 2621453 (bg #80 + 13), Inode bitmap at 2621469 (bg #80 + 29)
  Inode table at 2628128-2628639 (bg #80 + 6688)
  32768 free blocks, 8192 free inodes, 0 directories, 8192 unused inodes
  Free blocks: 3047424-3080191
  Free inodes: 761857-770048
Group 94: (Blocks 3080192-3112959) [INODE_UNINIT, BLOCK_UNINIT, ITABLE_ZEROED]
  Checksum 0x5663, unused inodes 8192
  Block bitmap at 2621454 (bg #80 + 14), Inode bitmap at 2621470 (bg #80 + 30)
  Inode table at 2628640-2629151 (bg #80 + 7200)
  32768 free blocks, 8192 free inodes, 0 directories, 8192 unused inodes
  Free blocks: 3080192-3112959
  Free inodes: 770049-778240
Group 95: (Blocks 3112960-3145727) [INODE_UNINIT, BLOCK_UNINIT, ITABLE_ZEROED]
  Checksum 0xf6b8, unused inodes 8192
  Block bitmap at 2621455 (bg #80 + 15), Inode bitmap at 2621471 (bg #80 + 31)
  Inode table at 2629152-2629663 (bg #80 + 7712)
  32768 free blocks, 8192 free inodes, 0 directories, 8192 unused inodes
  Free blocks: 3112960-3145727
  Free inodes: 778241-786432
Group 96: (Blocks 3145728-3178495) [ITABLE_ZEROED]
  Checksum 0x26b3, unused inodes 7852
  Block bitmap at 3145728 (+0), Inode bitmap at 3145744 (+16)
  Inode table at 3145760-3146271 (+32)
  24532 free blocks, 7853 free inodes, 10 directories, 7852 unused inodes
  Free blocks: 3153964-3178495
  Free inodes: 786765, 786773-794624
Group 97: (Blocks 3178496-3211263) [INODE_UNINIT, ITABLE_ZEROED]
  Checksum 0xb7be, unused inodes 8192
  Block bitmap at 3145729 (bg #96 + 1), Inode bitmap at 3145745 (bg #96 + 17)
  Inode table at 3146272-3146783 (bg #96 + 544)
  22762 free blocks, 8192 free inodes, 0 directories, 8192 unused inodes
  Free blocks: 3182844-3183103, 3183344, 3183352, 3186157-3194879, 3197487-3211263
  Free inodes: 794625-802816
Group 98: (Blocks 3211264-3244031) [INODE_UNINIT, BLOCK_UNINIT, ITABLE_ZEROED]
  Checksum 0xc6e7, unused inodes 8192
  Block bitmap at 3145730 (bg #96 + 2), Inode bitmap at 3145746 (bg #96 + 18)
  Inode table at 3146784-3147295 (bg #96 + 1056)
  32768 free blocks, 8192 free inodes, 0 directories, 8192 unused inodes
  Free blocks: 3211264-3244031
  Free inodes: 802817-811008
Group 99: (Blocks 3244032-3276799) [INODE_UNINIT, BLOCK_UNINIT, ITABLE_ZEROED]
  Checksum 0x663c, unused inodes 8192
  Block bitmap at 3145731 (bg #96 + 3), Inode bitmap at 3145747 (bg #96 + 19)
  Inode table at 3147296-3147807 (bg #96 + 1568)
  32768 free blocks, 8192 free inodes, 0 directories, 8192 unused inodes
  Free blocks: 3244032-3276799
  Free inodes: 811009-819200
Group 100: (Blocks 3276800-3309567) [INODE_UNINIT, BLOCK_UNINIT, ITABLE_ZEROED]
  Checksum 0xc438, unused inodes 8192
  Block bitmap at 3145732 (bg #96 + 4), Inode bitmap at 3145748 (bg #96 + 20)
  Inode table at 3147808-3148319 (bg #96 + 2080)
  32768 free blocks, 8192 free inodes, 0 directories, 8192 unused inodes
  Free blocks: 3276800-3309567
  Free inodes: 819201-827392
Group 101: (Blocks 3309568-3342335) [INODE_UNINIT, BLOCK_UNINIT, ITABLE_ZEROED]
  Checksum 0x64e3, unused inodes 8192
  Block bitmap at 3145733 (bg #96 + 5), Inode bitmap at 3145749 (bg #96 + 21)
  Inode table at 3148320-3148831 (bg #96 + 2592)
  32768 free blocks, 8192 free inodes, 0 directories, 8192 unused inodes
  Free blocks: 3309568-3342335
  Free inodes: 827393-835584
Group 102: (Blocks 3342336-3375103) [INODE_UNINIT, BLOCK_UNINIT, ITABLE_ZEROED]
  Checksum 0xc58d, unused inodes 8192
  Block bitmap at 3145734 (bg #96 + 6), Inode bitmap at 3145750 (bg #96 + 22)
  Inode table at 3148832-3149343 (bg #96 + 3104)
  32768 free blocks, 8192 free inodes, 0 directories, 8192 unused inodes
  Free blocks: 3342336-3375103
  Free inodes: 835585-843776
Group 103: (Blocks 3375104-3407871) [INODE_UNINIT, BLOCK_UNINIT, ITABLE_ZEROED]
  Checksum 0x6556, unused inodes 8192
  Block bitmap at 3145735 (bg #96 + 7), Inode bitmap at 3145751 (bg #96 + 23)
  Inode table at 3149344-3149855 (bg #96 + 3616)
  32768 free blocks, 8192 free inodes, 0 directories, 8192 unused inodes
  Free blocks: 3375104-3407871
  Free inodes: 843777-851968
Group 104: (Blocks 3407872-3440639) [INODE_UNINIT, BLOCK_UNINIT, ITABLE_ZEROED]
  Checksum 0xc186, unused inodes 8192
  Block bitmap at 3145736 (bg #96 + 8), Inode bitmap at 3145752 (bg #96 + 24)
  Inode table at 3149856-3150367 (bg #96 + 4128)
  32768 free blocks, 8192 free inodes, 0 directories, 8192 unused inodes
  Free blocks: 3407872-3440639
  Free inodes: 851969-860160
Group 105: (Blocks 3440640-3473407) [INODE_UNINIT, BLOCK_UNINIT, ITABLE_ZEROED]
  Checksum 0x615d, unused inodes 8192
  Block bitmap at 3145737 (bg #96 + 9), Inode bitmap at 3145753 (bg #96 + 25)
  Inode table at 3150368-3150879 (bg #96 + 4640)
  32768 free blocks, 8192 free inodes, 0 directories, 8192 unused inodes
  Free blocks: 3440640-3473407
  Free inodes: 860161-868352
Group 106: (Blocks 3473408-3506175) [INODE_UNINIT, BLOCK_UNINIT, ITABLE_ZEROED]
  Checksum 0xc033, unused inodes 8192
  Block bitmap at 3145738 (bg #96 + 10), Inode bitmap at 3145754 (bg #96 + 26)
  Inode table at 3150880-3151391 (bg #96 + 5152)
  32768 free blocks, 8192 free inodes, 0 directories, 8192 unused inodes
  Free blocks: 3473408-3506175
  Free inodes: 868353-876544
Group 107: (Blocks 3506176-3538943) [INODE_UNINIT, BLOCK_UNINIT, ITABLE_ZEROED]
  Checksum 0x60e8, unused inodes 8192
  Block bitmap at 3145739 (bg #96 + 11), Inode bitmap at 3145755 (bg #96 + 27)
  Inode table at 3151392-3151903 (bg #96 + 5664)
  32768 free blocks, 8192 free inodes, 0 directories, 8192 unused inodes
  Free blocks: 3506176-3538943
  Free inodes: 876545-884736
Group 108: (Blocks 3538944-3571711) [INODE_UNINIT, BLOCK_UNINIT, ITABLE_ZEROED]
  Checksum 0xc2ec, unused inodes 8192
  Block bitmap at 3145740 (bg #96 + 12), Inode bitmap at 3145756 (bg #96 + 28)
  Inode table at 3151904-3152415 (bg #96 + 6176)
  32768 free blocks, 8192 free inodes, 0 directories, 8192 unused inodes
  Free blocks: 3538944-3571711
  Free inodes: 884737-892928
Group 109: (Blocks 3571712-3604479) [INODE_UNINIT, BLOCK_UNINIT, ITABLE_ZEROED]
  Checksum 0x6237, unused inodes 8192
  Block bitmap at 3145741 (bg #96 + 13), Inode bitmap at 3145757 (bg #96 + 29)
  Inode table at 3152416-3152927 (bg #96 + 6688)
  32768 free blocks, 8192 free inodes, 0 directories, 8192 unused inodes
  Free blocks: 3571712-3604479
  Free inodes: 892929-901120
Group 110: (Blocks 3604480-3637247) [INODE_UNINIT, BLOCK_UNINIT, ITABLE_ZEROED]
  Checksum 0xc359, unused inodes 8192
  Block bitmap at 3145742 (bg #96 + 14), Inode bitmap at 3145758 (bg #96 + 30)
  Inode table at 3152928-3153439 (bg #96 + 7200)
  32768 free blocks, 8192 free inodes, 0 directories, 8192 unused inodes
  Free blocks: 3604480-3637247
  Free inodes: 901121-909312
Group 111: (Blocks 3637248-3670015) [INODE_UNINIT, BLOCK_UNINIT, ITABLE_ZEROED]
  Checksum 0x6382, unused inodes 8192
  Block bitmap at 3145743 (bg #96 + 15), Inode bitmap at 3145759 (bg #96 + 31)
  Inode table at 3153440-3153951 (bg #96 + 7712)
  32768 free blocks, 8192 free inodes, 0 directories, 8192 unused inodes
  Free blocks: 3637248-3670015
  Free inodes: 909313-917504
Group 112: (Blocks 3670016-3702783) [ITABLE_ZEROED]
  Checksum 0x6bd6, unused inodes 0
  Block bitmap at 3670016 (+0), Inode bitmap at 3670032 (+16)
  Inode table at 3670048-3670559 (+32)
  23792 free blocks, 5165 free inodes, 722 directories
  Free blocks: 3678346-3678347, 3678352-3678387, 3678392-3678399, 3678976-3679039, 3679055-3679056, 3679069, 3679104-3679151, 3679153-3702783
  Free inodes: 919306, 920124, 920485, 920498, 920504, 920518, 920524-920587, 920589-920591, 920604-921615, 921617-925696
Group 113: (Blocks 3702784-3735551) [ITABLE_ZEROED]
  Checksum 0x7639, unused inodes 4641
  Block bitmap at 3670017 (bg #112 + 1), Inode bitmap at 3670033 (bg #112 + 17)
  Inode table at 3670560-3671071 (bg #112 + 544)
  26745 free blocks, 8184 free inodes, 0 directories, 4641 unused inodes
  Free blocks: 3704960-3705087, 3705472-3705599, 3707179-3707199, 3707264-3707391, 3707520-3707647, 3707776-3708287, 3708480-3708735, 3708754, 3708789, 3708793, 3708799-3708800, 3708802-3708849, 3708852-3709311, 3709320-3709321, 3709330-3709331, 3709336-3709341, 3709348-3709351, 3709354-3709357, 3709362-3709375, 3709377-3709380, 3709385-3709386, 3709389-3709390, 3709395-3709398, 3709404, 3709417-3709420, 3709435-3709443, 3709447-3709459, 3709461, 3709463-3709644, 3709646-3709657, 3709659-3709663, 3709665-3709691, 3709693-3709967, 3709970-3709987, 3709989-3710156, 3710158-3710176, 3710178-3710187, 3710189-3710193, 3710195-3710224, 3710226-3710291, 3710310-3710311, 3710316-3710404, 3710406-3710465, 3710467-3710471, 3710473-3710498, 3710506-3710515, 3710519-3710527, 3710534-3711119, 3711122-3711124, 3711126-3711129, 3711131-3711218, 3711220-3711252, 3711258-3711271, 3711273-3711392, 3711394-3711414, 3711416-3711522, 3711524-3711550, 3711552, 3711555, 3711557, 3711560, 3711563, 3711565, 3711568, 3711570-3711652, 3711656, 3711658, 3711661, 3711667-3711692, 3711695, 3711697-3711699, 3711706-3711834, 3711837, 3711840-3711841, 3711844-3711917, 3711920, 3711925, 3711927, 3711930-3711931, 3711935-3711998, 3712000-3712325, 3712327, 3712331, 3712334, 3712340-3712418, 3712422-3712423, 3712425, 3712428-3712480, 3712486-3712488, 3712490, 3712494-3712592, 3712594-3712696, 3712698-3712699, 3712701, 3712703-3712704, 3712708-3712798, 3712800-3712822, 3712826, 3712834, 3712836-3712954, 3712958, 3712960, 3712964-3713095, 3713099, 3713101, 3713106, 3713108-3713204, 3713208, 3713211, 3713213, 3713218-3713339, 3713343, 3713348-3713451, 3713455-3713456, 3713459, 3713462, 3713465, 3713467, 3713469-3713532, 3713536-3713557, 3713560, 3713564, 3713567-3713644, 3713649, 3713652-3713699, 3713702, 3713704, 3713706, 3713709, 3713713-3713801, 3713806, 3713808-3713923, 3713926, 3713929-3713930, 3713932, 3713935, 3713938-3713988, 3713990, 3713993, 3713997, 3713999-3714047, 3714049-3714052, 3714054, 3714056, 3714058-3714180, 3714187, 3714191-3714296, 3714299, 3714302, 3714305, 3714308, 3714310-3714449, 3714455, 3714461-3714546, 3714550, 3714552-3714554, 3714556-3714628, 3714631, 3714635, 3714637-3714638, 3714642-3714770, 3714773, 3714777-3714780, 3714782-3714866, 3714869, 3714873-3714874, 3714878, 3714880-3714963, 3714965, 3714967, 3714971-3715291, 3715295, 3715297, 3715299-3715339, 3715344-3715587, 3715589-3716556, 3716558-3716608, 3716610, 3716612-3716624, 3716628-3716647, 3716649-3717139, 3717142-3717144, 3717146-3717150, 3717152, 3717154-3717155, 3717157-3717640, 3717646-3717654, 3717660-3718139, 3718141-3718261, 3718263-3718656, 3718658-3718672, 3718674, 3718676, 3718678-3718679, 3718684-3718692, 3718694-3718696, 3718698-3718711, 3718715, 3718718-3718721, 3718724-3718729, 3718732-3718737, 3718739-3718815, 3718817-3719046, 3719048-3719238, 3719241, 3719244, 3719249, 3719253-3719297, 3719304, 3719307-3719351, 3719355, 3719362-3719441, 3719445, 3719447-3719454, 3719456, 3719460-3719509, 3719515, 3719517, 3719519, 3719521-3719626, 3719628, 3719630, 3719632, 3719634, 3719639-3719787, 3719789-3719791, 3719796, 3719799-3719800, 3719802, 3719805, 3719811, 3719815, 3719817-3719908, 3719912, 3719916, 3719920-3720020, 3720022-3720051, 3720055-3720179, 3720187-3720269, 3720274-3720275, 3720277-3720386, 3720390, 3720400, 3720403-3720528, 3720531, 3720533, 3720539, 3720545-3720623, 3720628, 3720632-3720633, 3720635-3720764, 3720767, 3720773, 3720775-3720893, 3720895, 3720898-3720899, 3720903-3720984, 3720986-3721111, 3721113-3721209, 3721211-3722314, 3722316-3722403, 3722405-3722512, 3722514-3722543, 3722545-3722551, 3722553-3722751, 3722755-3722812, 3722816-3722817, 3722819-3722833, 3722835-3722845, 3722848-3722850, 3722853, 3722855-3722856, 3722858-3722859, 3722863-3722931, 3722933, 3722935, 3722937, 3722940, 3722943, 3722945-3722946, 3722950-3722990, 3722993-3722994, 3723003-3723006, 3723008, 3723012, 3723014-3723018, 3723020-3723033, 3723035-3723040, 3723047, 3723049, 3723053, 3723055, 3723059, 3723061, 3723064-3723071, 3723073, 3723075, 3723077-3723079, 3723081, 3723083-3723084, 3723086-3723089, 3723091, 3723093-3723096, 3723102-3723107, 3723109-3723112, 3723122-3723123, 3723153-3723154, 3723157, 3723159-3723162, 3723165-3723519, 3723534-3723910, 3723913, 3723921, 3723923, 3723926, 3723928-3724036, 3724039-3724048, 3724051-3724053, 3724055-3724061, 3724063, 3724065, 3724072, 3724074-3724075, 3724078-3724079, 3724082-3724174, 3724176, 3724181-3724184, 3724186-3724188, 3724193, 3724195-3724199, 3724201-3724208, 3724210-3724213, 3724216, 3724218, 3724220, 3724223-3724224, 3724228-3724229, 3724231-3724287, 3724293, 3724295, 3724297, 3724299-3724311, 3724313-3724315, 3724317-3724318, 3724320, 3724322-3724325, 3724327-3724330, 3724332-3724333, 3724335-3724339, 3724341-3724347, 3724349-3724350, 3724353, 3724358, 3724361-3724391, 3724393-3724397, 3724399-3724413, 3724417, 3724420, 3724423-3724444, 3724450-3724485, 3724493-3724495, 3724497-3724533, 3724536, 3724540, 3724545-3724546, 3724548, 3724550-3724645, 3724648-3724649, 3724652, 3724654-3724699, 3724702, 3724704, 3724706-3724707, 3724713-3724744, 3724754-3724756, 3724759-3724764, 3724766-3724767, 3724769-3724783, 3724785-3724787, 3724789, 3724791, 3724793-3724846, 3724849, 3724854, 3724858-3724859, 3724861-3724910, 3724912-3724918, 3724920, 3724922-3724923, 3724930-3724932, 3724934-3724937, 3724939, 3724941-3724944, 3724946-3724952, 3724954-3724956, 3724958-3724959, 3724961-3724963, 3724965-3724966, 3724972, 3724975, 3724978-3725060, 3725062-3725063, 3725065, 3725067, 3725069-3725072, 3725074, 3725076-3725077, 3725093, 3725095-3725097, 3725099, 3725101-3725105, 3725107-3725108, 3725110, 3725113, 3725117, 3725121, 3725123-3725125, 3725196, 3725198-3725200, 3725205-3725207, 3725210-3727409, 3727415, 3727418-3727420, 3727422-3727489, 3727491-3727492, 3727494, 3727496-3727497, 3727501, 3727505-3727513, 3727515-3727517, 3727519-3727528, 3727530, 3727532-3727535, 3727537-3727538, 3727540, 3727546-3727547, 3727552-3727553, 3727560-3727562, 3727564-3727565, 3727567-3727613, 3727615-3727618, 3727620-3727631, 3727633-3727634, 3727636-3727645, 3727647-3727648, 3727652, 3727654-3727655, 3727658, 3727661-3727662, 3727664-3727748, 3727750-3727755, 3727757-3727773, 3727781, 3727785-3727863, 3727865, 3727867-3732479, 3732481, 3732483, 3732490-3732496, 3732499-3732560, 3732711-3733038, 3733040-3733044, 3733046-3733055, 3733058-3733072, 3733074, 3733078, 3733080, 3733083-3733084, 3733087-3733115, 3733117-3733139, 3733141-3733144, 3733146, 3733150, 3733153, 3733155-3733156, 3733158-3733247, 3733249-3733255, 3733257, 3733259, 3733264, 3733267-3733303, 3733308, 3733311, 3733314-3733412, 3733415, 3733417-3733418, 3733425-3735551
  Free inodes: 925697-929063, 929065-929095, 929097-929112, 929114-929179, 929181-929190, 929192-929221, 929223-929233, 929236-933888
Group 114: (Blocks 3735552-3768319) [INODE_UNINIT, ITABLE_ZEROED]
  Checksum 0x6696, unused inodes 8192
  Block bitmap at 3670018 (bg #112 + 2), Inode bitmap at 3670034 (bg #112 + 18)
  Inode table at 3671072-3671583 (bg #112 + 1056)
  26708 free blocks, 8192 free inodes, 0 directories, 8192 unused inodes
  Free blocks: 3735808-3735872, 3737425-3739007, 3739074-3739098, 3739100-3739103, 3739202-3739211, 3739904-3740031, 3740098-3740104, 3740272-3740350, 3740360-3740367, 3740369-3740500, 3740897-3740927, 3740994-3741183, 3741250-3743474, 3743488-3743657, 3743664-3743665, 3743673, 3743680-3743683, 3743688-3743695, 3743728-3743775, 3743840-3743933, 3743936-3743983, 3744000-3744095, 3744128-3744219, 3744232-3744247, 3744252-3744255, 3744261-3744478, 3744480-3744503, 3744508-3744816, 3744820-3745725, 3745727-3745791, 3747840-3749712, 3749719-3749726, 3749737-3749759, 3749771-3749896, 3749902-3749903, 3749910-3749940, 3750213-3751732, 3751740-3751753, 3751757-3751762, 3751768-3751904, 3751906-3752692, 3752694-3752695, 3752697-3752739, 3752744-3752802, 3752804-3752820, 3752822-3752837, 3752839-3752915, 3752917-3752928, 3752930-3764577, 3764605-3768319
  Free inodes: 933889-942080
Group 115: (Blocks 3768320-3801087) [INODE_UNINIT, ITABLE_ZEROED]
  Checksum 0x229d, unused inodes 8192
  Block bitmap at 3670019 (bg #112 + 3), Inode bitmap at 3670035 (bg #112 + 19)
  Inode table at 3671584-3672095 (bg #112 + 1568)
  31033 free blocks, 8192 free inodes, 0 directories, 8192 unused inodes
  Free blocks: 3768336-3768351, 3768402-3768463, 3768480-3768559, 3768640-3768687, 3768704-3768799, 3769078-3769087, 3769216-3769299, 3769301-3772626, 3772632-3772870, 3774016-3801087
  Free inodes: 942081-950272
Group 116: (Blocks 3801088-3833855) [INODE_UNINIT, ITABLE_ZEROED]
  Checksum 0x70d7, unused inodes 8192
  Block bitmap at 3670020 (bg #112 + 4), Inode bitmap at 3670036 (bg #112 + 20)
  Inode table at 3672096-3672607 (bg #112 + 2080)
  32768 free blocks, 8192 free inodes, 0 directories, 8192 unused inodes
  Free blocks: 3801088-3833855
  Free inodes: 950273-958464
Group 117: (Blocks 3833856-3866623) [INODE_UNINIT, ITABLE_ZEROED]
  Checksum 0xd00c, unused inodes 8192
  Block bitmap at 3670021 (bg #112 + 5), Inode bitmap at 3670037 (bg #112 + 21)
  Inode table at 3672608-3673119 (bg #112 + 2592)
  32768 free blocks, 8192 free inodes, 0 directories, 8192 unused inodes
  Free blocks: 3833856-3866623
  Free inodes: 958465-966656
Group 118: (Blocks 3866624-3899391) [INODE_UNINIT, ITABLE_ZEROED]
  Checksum 0x7162, unused inodes 8192
  Block bitmap at 3670022 (bg #112 + 6), Inode bitmap at 3670038 (bg #112 + 22)
  Inode table at 3673120-3673631 (bg #112 + 3104)
  32768 free blocks, 8192 free inodes, 0 directories, 8192 unused inodes
  Free blocks: 3866624-3899391
  Free inodes: 966657-974848
Group 119: (Blocks 3899392-3932159) [INODE_UNINIT, ITABLE_ZEROED]
  Checksum 0xd1b9, unused inodes 8192
  Block bitmap at 3670023 (bg #112 + 7), Inode bitmap at 3670039 (bg #112 + 23)
  Inode table at 3673632-3674143 (bg #112 + 3616)
  32768 free blocks, 8192 free inodes, 0 directories, 8192 unused inodes
  Free blocks: 3899392-3932159
  Free inodes: 974849-983040
Group 120: (Blocks 3932160-3964927) [INODE_UNINIT, ITABLE_ZEROED]
  Checksum 0xad24, unused inodes 8192
  Block bitmap at 3670024 (bg #112 + 8), Inode bitmap at 3670040 (bg #112 + 24)
  Inode table at 3674144-3674655 (bg #112 + 4128)
  32575 free blocks, 8192 free inodes, 0 directories, 8192 unused inodes
  Free blocks: 3932160-3936371, 3936390-3937002, 3937019-3939295, 3939324-3939583, 3939698-3941055, 3941073-3964927
  Free inodes: 983041-991232
Group 121: (Blocks 3964928-3997695) [INODE_UNINIT, ITABLE_ZEROED]
  Checksum 0xd5b2, unused inodes 8192
  Block bitmap at 3670025 (bg #112 + 9), Inode bitmap at 3670041 (bg #112 + 25)
  Inode table at 3674656-3675167 (bg #112 + 4640)
  32768 free blocks, 8192 free inodes, 0 directories, 8192 unused inodes
  Free blocks: 3964928-3997695
  Free inodes: 991233-999424
Group 122: (Blocks 3997696-4030463) [INODE_UNINIT, ITABLE_ZEROED]
  Checksum 0x74dc, unused inodes 8192
  Block bitmap at 3670026 (bg #112 + 10), Inode bitmap at 3670042 (bg #112 + 26)
  Inode table at 3675168-3675679 (bg #112 + 5152)
  32768 free blocks, 8192 free inodes, 0 directories, 8192 unused inodes
  Free blocks: 3997696-4030463
  Free inodes: 999425-1007616
Group 123: (Blocks 4030464-4063231) [INODE_UNINIT, ITABLE_ZEROED]
  Checksum 0x9867, unused inodes 8192
  Block bitmap at 3670027 (bg #112 + 11), Inode bitmap at 3670043 (bg #112 + 27)
  Inode table at 3675680-3676191 (bg #112 + 5664)
  30690 free blocks, 8192 free inodes, 0 directories, 8192 unused inodes
  Free blocks: 4030473-4030863, 4030872-4030895, 4030904-4030943, 4030948-4031646, 4031648-4042751, 4044800-4063231
  Free inodes: 1007617-1015808
Group 124: (Blocks 4063232-4095999) [INODE_UNINIT, ITABLE_ZEROED]
  Checksum 0x87c0, unused inodes 8192
  Block bitmap at 3670028 (bg #112 + 12), Inode bitmap at 3670044 (bg #112 + 28)
  Inode table at 3676192-3676703 (bg #112 + 6176)
  30720 free blocks, 8192 free inodes, 0 directories, 8192 unused inodes
  Free blocks: 4065280-4095999
  Free inodes: 1015809-1024000
Group 125: (Blocks 4096000-4128767) [INODE_UNINIT, ITABLE_ZEROED]
  Checksum 0xf3eb, unused inodes 8192
  Backup superblock at 4096000, Group descriptors at 4096001-4096003
  Reserved GDT blocks at 4096004-4097024
  Block bitmap at 3670029 (bg #112 + 13), Inode bitmap at 3670045 (bg #112 + 29)
  Inode table at 3676704-3677215 (bg #112 + 6688)
  31743 free blocks, 8192 free inodes, 0 directories, 8192 unused inodes
  Free blocks: 4097025-4128767
  Free inodes: 1024001-1032192
Group 126: (Blocks 4128768-4161535) [INODE_UNINIT, ITABLE_ZEROED]
  Checksum 0x77b6, unused inodes 8192
  Block bitmap at 3670030 (bg #112 + 14), Inode bitmap at 3670046 (bg #112 + 30)
  Inode table at 3677216-3677727 (bg #112 + 7200)
  32768 free blocks, 8192 free inodes, 0 directories, 8192 unused inodes
  Free blocks: 4128768-4161535
  Free inodes: 1032193-1040384
Group 127: (Blocks 4161536-4194303) [INODE_UNINIT, ITABLE_ZEROED]
  Checksum 0x1275, unused inodes 8192
  Block bitmap at 3670031 (bg #112 + 15), Inode bitmap at 3670047 (bg #112 + 31)
  Inode table at 3677728-3678239 (bg #112 + 7712)
  32721 free blocks, 8192 free inodes, 0 directories, 8192 unused inodes
  Free blocks: 4161536-4173636, 4173638, 4173647-4174207, 4174211-4174212, 4174219, 4174224, 4174228-4174231, 4174233, 4174238, 4174240-4175024, 4175031-4175151, 4175153, 4175160-4175313, 4175315-4175345, 4175348-4194303
  Free inodes: 1040385-1048576
Group 128: (Blocks 4194304-4227071) [ITABLE_ZEROED]
  Checksum 0xcad8, unused inodes 0
  Block bitmap at 4194304 (+0), Inode bitmap at 4194320 (+16)
  Inode table at 4194336-4194847 (+32)
  22916 free blocks, 0 free inodes, 906 directories
  Free blocks: 4204156-4227071
  Free inodes: 
Group 129: (Blocks 4227072-4259839) [ITABLE_ZEROED]
  Checksum 0x4cf0, unused inodes 1050
  Block bitmap at 4194305 (bg #128 + 1), Inode bitmap at 4194321 (bg #128 + 17)
  Inode table at 4194848-4195359 (bg #128 + 544)
  0 free blocks, 1050 free inodes, 636 directories, 1050 unused inodes
  Free blocks: 
  Free inodes: 1063911-1064960
Group 130: (Blocks 4259840-4292607) [INODE_UNINIT, ITABLE_ZEROED]
  Checksum 0x4fed, unused inodes 8192
  Block bitmap at 4194306 (bg #128 + 2), Inode bitmap at 4194322 (bg #128 + 18)
  Inode table at 4195360-4195871 (bg #128 + 1056)
  855 free blocks, 8192 free inodes, 0 directories, 8192 unused inodes
  Free blocks: 4266153-4267007
  Free inodes: 1064961-1073152
Group 131: (Blocks 4292608-4325375) [INODE_UNINIT, ITABLE_ZEROED]
  Checksum 0x7d68, unused inodes 8192
  Block bitmap at 4194307 (bg #128 + 3), Inode bitmap at 4194323 (bg #128 + 19)
  Inode table at 4195872-4196383 (bg #128 + 1568)
  2345 free blocks, 8192 free inodes, 0 directories, 8192 unused inodes
  Free blocks: 4294639-4294655, 4294884-4294911, 4295023-4295039, 4295070-4295167, 4295207-4295231, 4295426-4295490, 4295663-4296191, 4296243-4296255, 4296314-4296356, 4309555-4309569, 4309666-4309667, 4309681-4309742, 4309744-4309780, 4309782-4310029, 4310268-4310271, 4310484-4310717, 4314363-4314457, 4323756-4323759, 4324145, 4324568-4325375
  Free inodes: 1073153-1081344
Group 132: (Blocks 4325376-4358143) [INODE_UNINIT, ITABLE_ZEROED]
  Checksum 0x96cd, unused inodes 8192
  Block bitmap at 4194308 (bg #128 + 4), Inode bitmap at 4194324 (bg #128 + 20)
  Inode table at 4196384-4196895 (bg #128 + 2080)
  152 free blocks, 8192 free inodes, 0 directories, 8192 unused inodes
  Free blocks: 4325981-4326017, 4358029-4358143
  Free inodes: 1081345-1089536
Group 133: (Blocks 4358144-4390911) [INODE_UNINIT, ITABLE_ZEROED]
  Checksum 0x676b, unused inodes 8192
  Block bitmap at 4194309 (bg #128 + 5), Inode bitmap at 4194325 (bg #128 + 21)
  Inode table at 4196896-4197407 (bg #128 + 2592)
  30484 free blocks, 8192 free inodes, 0 directories, 8192 unused inodes
  Free blocks: 4360408-4360543, 4360548-4361248, 4361256-4363043, 4363048-4365079, 4365084-4366450, 4366452-4390911
  Free inodes: 1089537-1097728
Group 134: (Blocks 4390912-4423679) [INODE_UNINIT, ITABLE_ZEROED]
  Checksum 0x30b6, unused inodes 8192
  Block bitmap at 4194310 (bg #128 + 6), Inode bitmap at 4194326 (bg #128 + 22)
  Inode table at 4197408-4197919 (bg #128 + 3104)
  32768 free blocks, 8192 free inodes, 0 directories, 8192 unused inodes
  Free blocks: 4390912-4423679
  Free inodes: 1097729-1105920
Group 135: (Blocks 4423680-4456447) [INODE_UNINIT, ITABLE_ZEROED]
  Checksum 0x906d, unused inodes 8192
  Block bitmap at 4194311 (bg #128 + 7), Inode bitmap at 4194327 (bg #128 + 23)
  Inode table at 4197920-4198431 (bg #128 + 3616)
  32768 free blocks, 8192 free inodes, 0 directories, 8192 unused inodes
  Free blocks: 4423680-4456447
  Free inodes: 1105921-1114112
Group 136: (Blocks 4456448-4489215) [INODE_UNINIT, ITABLE_ZEROED]
  Checksum 0xc57e, unused inodes 8192
  Block bitmap at 4194312 (bg #128 + 8), Inode bitmap at 4194328 (bg #128 + 24)
  Inode table at 4198432-4198943 (bg #128 + 4128)
  30720 free blocks, 8192 free inodes, 0 directories, 8192 unused inodes
  Free blocks: 4456448-4468735, 4470784-4489215
  Free inodes: 1114113-1122304
Group 137: (Blocks 4489216-4521983) [INODE_UNINIT, ITABLE_ZEROED]
  Checksum 0xe568, unused inodes 8192
  Block bitmap at 4194313 (bg #128 + 9), Inode bitmap at 4194329 (bg #128 + 25)
  Inode table at 4198944-4199455 (bg #128 + 4640)
  30825 free blocks, 8192 free inodes, 0 directories, 8192 unused inodes
  Free blocks: 4489216-4499967, 4500160-4500287, 4500322-4500351, 4500448-4501503, 4501696-4501759, 4502272-4502527, 4503296-4505599, 4505616-4505646, 4505655, 4505664-4505919, 4505925-4505935, 4505942-4505951, 4505964-4505967, 4505973-4506047, 4506080-4506095, 4506098-4506721, 4506725-4506735, 4506752-4507023, 4507035-4508255, 4508281-4521983
  Free inodes: 1122305-1130496
Group 138: (Blocks 4521984-4554751) [INODE_UNINIT, ITABLE_ZEROED]
  Checksum 0x3508, unused inodes 8192
  Block bitmap at 4194314 (bg #128 + 10), Inode bitmap at 4194330 (bg #128 + 26)
  Inode table at 4199456-4199967 (bg #128 + 5152)
  32768 free blocks, 8192 free inodes, 0 directories, 8192 unused inodes
  Free blocks: 4521984-4554751
  Free inodes: 1130497-1138688
Group 139: (Blocks 4554752-4587519) [INODE_UNINIT, ITABLE_ZEROED]
  Checksum 0x95d3, unused inodes 8192
  Block bitmap at 4194315 (bg #128 + 11), Inode bitmap at 4194331 (bg #128 + 27)
  Inode table at 4199968-4200479 (bg #128 + 5664)
  32768 free blocks, 8192 free inodes, 0 directories, 8192 unused inodes
  Free blocks: 4554752-4587519
  Free inodes: 1138689-1146880
Group 140: (Blocks 4587520-4620287) [INODE_UNINIT, ITABLE_ZEROED]
  Checksum 0x9236, unused inodes 8192
  Block bitmap at 4194316 (bg #128 + 12), Inode bitmap at 4194332 (bg #128 + 28)
  Inode table at 4200480-4200991 (bg #128 + 6176)
  28477 free blocks, 8192 free inodes, 0 directories, 8192 unused inodes
  Free blocks: 4587776-4604927, 4605915-4607080, 4607227-4609471, 4609522-4617215, 4619227-4619263, 4620105-4620287
  Free inodes: 1146881-1155072
Group 141: (Blocks 4620288-4653055) [INODE_UNINIT, ITABLE_ZEROED]
  Checksum 0x36b4, unused inodes 8192
  Block bitmap at 4194317 (bg #128 + 13), Inode bitmap at 4194333 (bg #128 + 29)
  Inode table at 4200992-4201503 (bg #128 + 6688)
  32646 free blocks, 8192 free inodes, 0 directories, 8192 unused inodes
  Free blocks: 4620288-4620384, 4620419, 4620444, 4620448-4620463, 4620471, 4620480-4620623, 4620637, 4620640-4620655, 4620672-4620815, 4620823, 4620832-4653055
  Free inodes: 1155073-1163264
Group 142: (Blocks 4653056-4685823) [INODE_UNINIT, ITABLE_ZEROED]
  Checksum 0x3662, unused inodes 8192
  Block bitmap at 4194318 (bg #128 + 14), Inode bitmap at 4194334 (bg #128 + 30)
  Inode table at 4201504-4202015 (bg #128 + 7200)
  32768 free blocks, 8192 free inodes, 0 directories, 8192 unused inodes
  Free blocks: 4653056-4685823
  Free inodes: 1163265-1171456
Group 143: (Blocks 4685824-4718591) [INODE_UNINIT, ITABLE_ZEROED]
  Checksum 0x96b9, unused inodes 8192
  Block bitmap at 4194319 (bg #128 + 15), Inode bitmap at 4194335 (bg #128 + 31)
  Inode table at 4202016-4202527 (bg #128 + 7712)
  32768 free blocks, 8192 free inodes, 0 directories, 8192 unused inodes
  Free blocks: 4685824-4718591
  Free inodes: 1171457-1179648
Group 144: (Blocks 4718592-4751359) [ITABLE_ZEROED]
  Checksum 0x41de, unused inodes 351
  Block bitmap at 4718592 (+0), Inode bitmap at 4718608 (+16)
  Inode table at 4718624-4719135 (+32)
  23021 free blocks, 758 free inodes, 1507 directories, 351 unused inodes
  Free blocks: 4727454, 4727727, 4728312-4728315, 4728317-4728319, 4728322-4728337, 4728364-4751359
  Free inodes: 1185904-1185906, 1185908-1185909, 1186892-1186901, 1186904-1187072, 1187266-1187483, 1187485-1187840
Group 145: (Blocks 4751360-4784127) [INODE_UNINIT, ITABLE_ZEROED]
  Checksum 0xa029, unused inodes 8192
  Block bitmap at 4718593 (bg #144 + 1), Inode bitmap at 4718609 (bg #144 + 17)
  Inode table at 4719136-4719647 (bg #144 + 544)
  13861 free blocks, 8192 free inodes, 0 directories, 8192 unused inodes
  Free blocks: 4751387, 4751423-4751551, 4751554-4751559, 4751616-4751679, 4751704-4751719, 4751723, 4752759-4752763, 4755456-4758015, 4764966-4764967, 4764972-4767743, 4768982-4769023, 4769088-4769151, 4769461-4769463, 4770959, 4771393, 4771793, 4774705, 4775936-4784127
  Free inodes: 1187841-1196032
Group 146: (Blocks 4784128-4816895) [INODE_UNINIT, ITABLE_ZEROED]
  Checksum 0x40ca, unused inodes 8192
  Block bitmap at 4718594 (bg #144 + 2), Inode bitmap at 4718610 (bg #144 + 18)
  Inode table at 4719648-4720159 (bg #144 + 1056)
  32768 free blocks, 8192 free inodes, 0 directories, 8192 unused inodes
  Free blocks: 4784128-4816895
  Free inodes: 1196033-1204224
Group 147: (Blocks 4816896-4849663) [INODE_UNINIT, ITABLE_ZEROED]
  Checksum 0xe011, unused inodes 8192
  Block bitmap at 4718595 (bg #144 + 3), Inode bitmap at 4718611 (bg #144 + 19)
  Inode table at 4720160-4720671 (bg #144 + 1568)
  32768 free blocks, 8192 free inodes, 0 directories, 8192 unused inodes
  Free blocks: 4816896-4849663
  Free inodes: 1204225-1212416
Group 148: (Blocks 4849664-4882431) [INODE_UNINIT, ITABLE_ZEROED]
  Checksum 0x4215, unused inodes 8192
  Block bitmap at 4718596 (bg #144 + 4), Inode bitmap at 4718612 (bg #144 + 20)
  Inode table at 4720672-4721183 (bg #144 + 2080)
  32768 free blocks, 8192 free inodes, 0 directories, 8192 unused inodes
  Free blocks: 4849664-4882431
  Free inodes: 1212417-1220608
Group 149: (Blocks 4882432-4915199) [INODE_UNINIT, ITABLE_ZEROED]
  Checksum 0xe2ce, unused inodes 8192
  Block bitmap at 4718597 (bg #144 + 5), Inode bitmap at 4718613 (bg #144 + 21)
  Inode table at 4721184-4721695 (bg #144 + 2592)
  32768 free blocks, 8192 free inodes, 0 directories, 8192 unused inodes
  Free blocks: 4882432-4915199
  Free inodes: 1220609-1228800
Group 150: (Blocks 4915200-4947967) [INODE_UNINIT, ITABLE_ZEROED]
  Checksum 0x4e32, unused inodes 8192
  Block bitmap at 4718598 (bg #144 + 6), Inode bitmap at 4718614 (bg #144 + 22)
  Inode table at 4721696-4722207 (bg #144 + 3104)
  30721 free blocks, 8192 free inodes, 0 directories, 8192 unused inodes
  Free blocks: 4917247-4947967
  Free inodes: 1228801-1236992
Group 151: (Blocks 4947968-4980735) [INODE_UNINIT, ITABLE_ZEROED]
  Checksum 0xe37b, unused inodes 8192
  Block bitmap at 4718599 (bg #144 + 7), Inode bitmap at 4718615 (bg #144 + 23)
  Inode table at 4722208-4722719 (bg #144 + 3616)
  32768 free blocks, 8192 free inodes, 0 directories, 8192 unused inodes
  Free blocks: 4947968-4980735
  Free inodes: 1236993-1245184
Group 152: (Blocks 4980736-5013503) [INODE_UNINIT, ITABLE_ZEROED]
  Checksum 0x47ab, unused inodes 8192
  Block bitmap at 4718600 (bg #144 + 8), Inode bitmap at 4718616 (bg #144 + 24)
  Inode table at 4722720-4723231 (bg #144 + 4128)
  32768 free blocks, 8192 free inodes, 0 directories, 8192 unused inodes
  Free blocks: 4980736-5013503
  Free inodes: 1245185-1253376
Group 153: (Blocks 5013504-5046271) [INODE_UNINIT, ITABLE_ZEROED]
  Checksum 0xe770, unused inodes 8192
  Block bitmap at 4718601 (bg #144 + 9), Inode bitmap at 4718617 (bg #144 + 25)
  Inode table at 4723232-4723743 (bg #144 + 4640)
  32768 free blocks, 8192 free inodes, 0 directories, 8192 unused inodes
  Free blocks: 5013504-5046271
  Free inodes: 1253377-1261568
Group 154: (Blocks 5046272-5079039) [INODE_UNINIT, ITABLE_ZEROED]
  Checksum 0x461e, unused inodes 8192
  Block bitmap at 4718602 (bg #144 + 10), Inode bitmap at 4718618 (bg #144 + 26)
  Inode table at 4723744-4724255 (bg #144 + 5152)
  32768 free blocks, 8192 free inodes, 0 directories, 8192 unused inodes
  Free blocks: 5046272-5079039
  Free inodes: 1261569-1269760
Group 155: (Blocks 5079040-5111807) [INODE_UNINIT, ITABLE_ZEROED]
  Checksum 0xe6c5, unused inodes 8192
  Block bitmap at 4718603 (bg #144 + 11), Inode bitmap at 4718619 (bg #144 + 27)
  Inode table at 4724256-4724767 (bg #144 + 5664)
  32768 free blocks, 8192 free inodes, 0 directories, 8192 unused inodes
  Free blocks: 5079040-5111807
  Free inodes: 1269761-1277952
Group 156: (Blocks 5111808-5144575) [INODE_UNINIT, BLOCK_UNINIT, ITABLE_ZEROED]
  Checksum 0x8338, unused inodes 8192
  Block bitmap at 4718604 (bg #144 + 12), Inode bitmap at 4718620 (bg #144 + 28)
  Inode table at 4724768-4725279 (bg #144 + 6176)
  32768 free blocks, 8192 free inodes, 0 directories, 8192 unused inodes
  Free blocks: 5111808-5144575
  Free inodes: 1277953-1286144
Group 157: (Blocks 5144576-5177343) [INODE_UNINIT, BLOCK_UNINIT, ITABLE_ZEROED]
  Checksum 0x23e3, unused inodes 8192
  Block bitmap at 4718605 (bg #144 + 13), Inode bitmap at 4718621 (bg #144 + 29)
  Inode table at 4725280-4725791 (bg #144 + 6688)
  32768 free blocks, 8192 free inodes, 0 directories, 8192 unused inodes
  Free blocks: 5144576-5177343
  Free inodes: 1286145-1294336
Group 158: (Blocks 5177344-5210111) [INODE_UNINIT, BLOCK_UNINIT, ITABLE_ZEROED]
  Checksum 0x828d, unused inodes 8192
  Block bitmap at 4718606 (bg #144 + 14), Inode bitmap at 4718622 (bg #144 + 30)
  Inode table at 4725792-4726303 (bg #144 + 7200)
  32768 free blocks, 8192 free inodes, 0 directories, 8192 unused inodes
  Free blocks: 5177344-5210111
  Free inodes: 1294337-1302528
Group 159: (Blocks 5210112-5242879) [INODE_UNINIT, ITABLE_ZEROED]
  Checksum 0xe5af, unused inodes 8192
  Block bitmap at 4718607 (bg #144 + 15), Inode bitmap at 4718623 (bg #144 + 31)
  Inode table at 4726304-4726815 (bg #144 + 7712)
  32768 free blocks, 8192 free inodes, 0 directories, 8192 unused inodes
  Free blocks: 5210112-5242879
  Free inodes: 1302529-1310720
Group 160: (Blocks 5242880-5275647) [ITABLE_ZEROED]
  Checksum 0x9cdf, unused inodes 0
  Block bitmap at 5242880 (+0), Inode bitmap at 5242896 (+16)
  Inode table at 5242912-5243423 (+32)
  23115 free blocks, 103 free inodes, 1341 directories
  Free blocks: 5251159-5251163, 5252538-5275647
  Free inodes: 1317475, 1317784, 1317810, 1317812-1317813, 1317815-1317816, 1317818-1317819, 1317821-1317822, 1317824-1317825, 1317827-1317828, 1317830-1317831, 1317833-1317834, 1317836, 1317838-1317839, 1317841-1317842, 1317844-1317845, 1317847-1317848, 1317850, 1317852, 1317854-1317855, 1317857-1317858, 1317860-1317861, 1317863-1317864, 1317866-1317867, 1317869-1317870, 1317872-1317873, 1317875-1317876, 1317878-1317879, 1317881-1317895, 1317897, 1317899, 1317901, 1317903, 1317905-1317916, 1317918-1317936, 1317938-1317939, 1317942-1317944
Group 161: (Blocks 5275648-5308415) [ITABLE_ZEROED]
  Checksum 0x7963, unused inodes 7151
  Block bitmap at 5242881 (bg #160 + 1), Inode bitmap at 5242897 (bg #160 + 17)
  Inode table at 5243424-5243935 (bg #160 + 544)
  0 free blocks, 7152 free inodes, 82 directories, 7151 unused inodes
  Free blocks: 
  Free inodes: 1319953-1327104
Group 162: (Blocks 5308416-5341183) [INODE_UNINIT, ITABLE_ZEROED]
  Checksum 0x67a9, unused inodes 8192
  Block bitmap at 5242882 (bg #160 + 2), Inode bitmap at 5242898 (bg #160 + 18)
  Inode table at 5243936-5244447 (bg #160 + 1056)
  7681 free blocks, 8192 free inodes, 0 directories, 8192 unused inodes
